Archive member included to satisfy reference by file (symbol)

C:/ST/STM32CubeIDE_1.19.0/STM32CubeIDE/plugins/com.st.stm32cube.ide.mcu.externaltools.gnu-tools-for-stm32.13.3.rel1.win32_1.0.0.202411081344/tools/bin/../lib/gcc/arm-none-eabi/13.3.1/../../../../arm-none-eabi/lib/thumb/v7e-m+fp/hard\libstdc++_nano.a(new_op.o)
                              ./Core/Src/Wrapper.o (operator new(unsigned int))
C:/ST/STM32CubeIDE_1.19.0/STM32CubeIDE/plugins/com.st.stm32cube.ide.mcu.externaltools.gnu-tools-for-stm32.13.3.rel1.win32_1.0.0.202411081344/tools/bin/../lib/gcc/arm-none-eabi/13.3.1/../../../../arm-none-eabi/lib/thumb/v7e-m+fp/hard\libstdc++_nano.a(new_handler.o)
                              C:/ST/STM32CubeIDE_1.19.0/STM32CubeIDE/plugins/com.st.stm32cube.ide.mcu.externaltools.gnu-tools-for-stm32.13.3.rel1.win32_1.0.0.202411081344/tools/bin/../lib/gcc/arm-none-eabi/13.3.1/../../../../arm-none-eabi/lib/thumb/v7e-m+fp/hard\libstdc++_nano.a(new_op.o) (std::get_new_handler())
C:/ST/STM32CubeIDE_1.19.0/STM32CubeIDE/plugins/com.st.stm32cube.ide.mcu.externaltools.gnu-tools-for-stm32.13.3.rel1.win32_1.0.0.202411081344/tools/bin/../lib/gcc/arm-none-eabi/13.3.1/../../../../arm-none-eabi/lib/thumb/v7e-m+fp/hard\libc_nano.a(libc_a-abort.o)
                              C:/ST/STM32CubeIDE_1.19.0/STM32CubeIDE/plugins/com.st.stm32cube.ide.mcu.externaltools.gnu-tools-for-stm32.13.3.rel1.win32_1.0.0.202411081344/tools/bin/../lib/gcc/arm-none-eabi/13.3.1/../../../../arm-none-eabi/lib/thumb/v7e-m+fp/hard\libstdc++_nano.a(new_op.o) (abort)
C:/ST/STM32CubeIDE_1.19.0/STM32CubeIDE/plugins/com.st.stm32cube.ide.mcu.externaltools.gnu-tools-for-stm32.13.3.rel1.win32_1.0.0.202411081344/tools/bin/../lib/gcc/arm-none-eabi/13.3.1/../../../../arm-none-eabi/lib/thumb/v7e-m+fp/hard\libc_nano.a(libc_a-exit.o)
                              C:/ST/STM32CubeIDE_1.19.0/STM32CubeIDE/plugins/com.st.stm32cube.ide.mcu.externaltools.gnu-tools-for-stm32.13.3.rel1.win32_1.0.0.202411081344/tools/bin/../lib/gcc/arm-none-eabi/13.3.1/../../../../arm-none-eabi/lib/thumb/v7e-m+fp/hard/crt0.o (exit)
C:/ST/STM32CubeIDE_1.19.0/STM32CubeIDE/plugins/com.st.stm32cube.ide.mcu.externaltools.gnu-tools-for-stm32.13.3.rel1.win32_1.0.0.202411081344/tools/bin/../lib/gcc/arm-none-eabi/13.3.1/../../../../arm-none-eabi/lib/thumb/v7e-m+fp/hard\libc_nano.a(libc_a-malloc.o)
                              C:/ST/STM32CubeIDE_1.19.0/STM32CubeIDE/plugins/com.st.stm32cube.ide.mcu.externaltools.gnu-tools-for-stm32.13.3.rel1.win32_1.0.0.202411081344/tools/bin/../lib/gcc/arm-none-eabi/13.3.1/../../../../arm-none-eabi/lib/thumb/v7e-m+fp/hard\libstdc++_nano.a(new_op.o) (malloc)
C:/ST/STM32CubeIDE_1.19.0/STM32CubeIDE/plugins/com.st.stm32cube.ide.mcu.externaltools.gnu-tools-for-stm32.13.3.rel1.win32_1.0.0.202411081344/tools/bin/../lib/gcc/arm-none-eabi/13.3.1/../../../../arm-none-eabi/lib/thumb/v7e-m+fp/hard\libc_nano.a(libc_a-mallocr.o)
                              C:/ST/STM32CubeIDE_1.19.0/STM32CubeIDE/plugins/com.st.stm32cube.ide.mcu.externaltools.gnu-tools-for-stm32.13.3.rel1.win32_1.0.0.202411081344/tools/bin/../lib/gcc/arm-none-eabi/13.3.1/../../../../arm-none-eabi/lib/thumb/v7e-m+fp/hard\libc_nano.a(libc_a-malloc.o) (_malloc_r)
C:/ST/STM32CubeIDE_1.19.0/STM32CubeIDE/plugins/com.st.stm32cube.ide.mcu.externaltools.gnu-tools-for-stm32.13.3.rel1.win32_1.0.0.202411081344/tools/bin/../lib/gcc/arm-none-eabi/13.3.1/../../../../arm-none-eabi/lib/thumb/v7e-m+fp/hard\libc_nano.a(libc_a-mlock.o)
                              C:/ST/STM32CubeIDE_1.19.0/STM32CubeIDE/plugins/com.st.stm32cube.ide.mcu.externaltools.gnu-tools-for-stm32.13.3.rel1.win32_1.0.0.202411081344/tools/bin/../lib/gcc/arm-none-eabi/13.3.1/../../../../arm-none-eabi/lib/thumb/v7e-m+fp/hard\libc_nano.a(libc_a-mallocr.o) (__malloc_lock)
C:/ST/STM32CubeIDE_1.19.0/STM32CubeIDE/plugins/com.st.stm32cube.ide.mcu.externaltools.gnu-tools-for-stm32.13.3.rel1.win32_1.0.0.202411081344/tools/bin/../lib/gcc/arm-none-eabi/13.3.1/../../../../arm-none-eabi/lib/thumb/v7e-m+fp/hard\libc_nano.a(libc_a-findfp.o)
                              C:/ST/STM32CubeIDE_1.19.0/STM32CubeIDE/plugins/com.st.stm32cube.ide.mcu.externaltools.gnu-tools-for-stm32.13.3.rel1.win32_1.0.0.202411081344/tools/bin/../lib/gcc/arm-none-eabi/13.3.1/../../../../arm-none-eabi/lib/thumb/v7e-m+fp/hard\libc_nano.a(libc_a-exit.o) (__stdio_exit_handler)
C:/ST/STM32CubeIDE_1.19.0/STM32CubeIDE/plugins/com.st.stm32cube.ide.mcu.externaltools.gnu-tools-for-stm32.13.3.rel1.win32_1.0.0.202411081344/tools/bin/../lib/gcc/arm-none-eabi/13.3.1/../../../../arm-none-eabi/lib/thumb/v7e-m+fp/hard\libc_nano.a(libc_a-fwalk.o)
                              C:/ST/STM32CubeIDE_1.19.0/STM32CubeIDE/plugins/com.st.stm32cube.ide.mcu.externaltools.gnu-tools-for-stm32.13.3.rel1.win32_1.0.0.202411081344/tools/bin/../lib/gcc/arm-none-eabi/13.3.1/../../../../arm-none-eabi/lib/thumb/v7e-m+fp/hard\libc_nano.a(libc_a-findfp.o) (_fwalk_sglue)
[...]
Memory Configuration

Name             Origin             Length             Attributes
RAM              0x20000000         0x0001c000         xrw
FLASH            0x08000000         0x00080000         xr
*default*        0x00000000         0xffffffff

Linker script and memory map

LOAD C:/ST/STM32CubeIDE_1.19.0/STM32CubeIDE/plugins/com.st.stm32cube.ide.mcu.externaltools.gnu-tools-for-stm32.13.3.rel1.win32_1.0.0.202411081344/tools/bin/../lib/gcc/arm-none-eabi/13.3.1/thumb/v7e-m+fp/hard/crti.o
LOAD C:/ST/STM32CubeIDE_1.19.0/STM32CubeIDE/plugins/com.st.stm32cube.ide.mcu.externaltools.gnu-tools-for-stm32.13.3.rel1.win32_1.0.0.202411081344/tools/bin/../lib/gcc/arm-none-eabi/13.3.1/thumb/v7e-m+fp/hard/crtbegin.o
LOAD C:/ST/STM32CubeIDE_1.19.0/STM32CubeIDE/plugins/com.st.stm32cube.ide.mcu.externaltools.gnu-tools-for-stm32.13.3.rel1.win32_1.0.0.202411081344/tools/bin/../lib/gcc/arm-none-eabi/13.3.1/../../../../arm-none-eabi/lib/thumb/v7e-m+fp/hard/crt0.o
LOAD ./Core/Src/BoardManager.o
LOAD ./Core/Src/IOPin.o
LOAD ./Core/Src/SPIDevice.o
LOAD ./Core/Src/SPIDriver.o
LOAD ./Core/Src/Wrapper.o
LOAD ./Core/Src/gpio.o
LOAD ./Core/Src/main.o
LOAD ./Core/Src/spi.o
LOAD ./Core/Src/stm32g4xx_hal_msp.o
LOAD ./Core/Src/stm32g4xx_it.o
LOAD ./Core/Src/sx1276.o
LOAD ./Core/Src/syscalls.o
LOAD ./Core/Src/sysmem.o
LOAD ./Core/Src/system_stm32g4xx.o
LOAD ./Core/Src/usart.o
LOAD ./Core/Startup/startup_stm32g491retx.o
LOAD ./Drivers/STM32G4xx_HAL_Driver/Src/stm32g4xx_hal.o
LOAD ./Drivers/STM32G4xx_HAL_Driver/Src/stm32g4xx_hal_cortex.o
LOAD ./Drivers/STM32G4xx_HAL_Driver/Src/stm32g4xx_hal_dma.o
LOAD ./Drivers/STM32G4xx_HAL_Driver/Src/stm32g4xx_hal_dma_ex.o
LOAD ./Drivers/STM32G4xx_HAL_Driver/Src/stm32g4xx_hal_exti.o
LOAD ./Drivers/STM32G4xx_HAL_Driver/Src/stm32g4xx_hal_flash.o
LOAD ./Drivers/STM32G4xx_HAL_Driver/Src/stm32g4xx_hal_flash_ex.o
LOAD ./Drivers/STM32G4xx_HAL_Driver/Src/stm32g4xx_hal_flash_ramfunc.o
LOAD ./Drivers/STM32G4xx_HAL_Driver/Src/stm32g4xx_hal_gpio.o
LOAD ./Drivers/STM32G4xx_HAL_Driver/Src/stm32g4xx_hal_pwr.o
LOAD ./Drivers/STM32G4xx_HAL_Driver/Src/stm32g4xx_hal_pwr_ex.o
LOAD ./Drivers/STM32G4xx_HAL_Driver/Src/stm32g4xx_hal_rcc.o
LOAD ./Drivers/STM32G4xx_HAL_Driver/Src/stm32g4xx_hal_rcc_ex.o
LOAD ./Drivers/STM32G4xx_HAL_Driver/Src/stm32g4xx_hal_spi.o
LOAD ./Drivers/STM32G4xx_HAL_Driver/Src/stm32g4xx_hal_spi_ex.o
LOAD ./Drivers/STM32G4xx_HAL_Driver/Src/stm32g4xx_hal_uart.o
LOAD ./Drivers/STM32G4xx_HAL_Driver/Src/stm32g4xx_hal_uart_ex.o
START GROUP
LOAD C:/ST/STM32CubeIDE_1.19.0/STM32CubeIDE/plugins/com.st.stm32cube.ide.mcu.externaltools.gnu-tools-for-stm32.13.3.rel1.win32_1.0.0.202411081344/tools/bin/../lib/gcc/arm-none-eabi/13.3.1/../../../../arm-none-eabi/lib/thumb/v7e-m+fp/hard\libstdc++_nano.a
LOAD C:/ST/STM32CubeIDE_1.19.0/STM32CubeIDE/plugins/com.st.stm32cube.ide.mcu.externaltools.gnu-tools-for-stm32.13.3.rel1.win32_1.0.0.202411081344/tools/bin/../lib/gcc/arm-none-eabi/13.3.1/../../../../arm-none-eabi/lib/thumb/v7e-m+fp/hard\libsupc++_nano.a
END GROUP
LOAD C:/ST/STM32CubeIDE_1.19.0/STM32CubeIDE/plugins/com.st.stm32cube.ide.mcu.externaltools.gnu-tools-for-stm32.13.3.rel1.win32_1.0.0.202411081344/tools/bin/../lib/gcc/arm-none-eabi/13.3.1/../../../../arm-none-eabi/lib/thumb/v7e-m+fp/hard\libstdc++_nano.a
LOAD C:/ST/STM32CubeIDE_1.19.0/STM32CubeIDE/plugins/com.st.stm32cube.ide.mcu.externaltools.gnu-tools-for-stm32.13.3.rel1.win32_1.0.0.202411081344/tools/bin/../lib/gcc/arm-none-eabi/13.3.1/../../../../arm-none-eabi/lib/thumb/v7e-m+fp/hard\libm.a
LOAD C:/ST/STM32CubeIDE_1.19.0/STM32CubeIDE/plugins/com.st.stm32cube.ide.mcu.externaltools.gnu-tools-for-stm32.13.3.rel1.win32_1.0.0.202411081344/tools/bin/../lib/gcc/arm-none-eabi/13.3.1/../../../../arm-none-eabi/lib/thumb/v7e-m+fp/hard\libc_nano.a
START GROUP
LOAD C:/ST/STM32CubeIDE_1.19.0/STM32CubeIDE/plugins/com.st.stm32cube.ide.mcu.externaltools.gnu-tools-for-stm32.13.3.rel1.win32_1.0.0.202411081344/tools/bin/../lib/gcc/arm-none-eabi/13.3.1/thumb/v7e-m+fp/hard\libgcc.a
LOAD C:/ST/STM32CubeIDE_1.19.0/STM32CubeIDE/plugins/com.st.stm32cube.ide.mcu.externaltools.gnu-tools-for-stm32.13.3.rel1.win32_1.0.0.202411081344/tools/bin/../lib/gcc/arm-none-eabi/13.3.1/../../../../arm-none-eabi/lib/thumb/v7e-m+fp/hard\libc_nano.a
END GROUP
START GROUP
LOAD C:/ST/STM32CubeIDE_1.19.0/STM32CubeIDE/plugins/com.st.stm32cube.ide.mcu.externaltools.gnu-tools-for-stm32.13.3.rel1.win32_1.0.0.202411081344/tools/bin/../lib/gcc/arm-none-eabi/13.3.1/thumb/v7e-m+fp/hard\libgcc.a
LOAD C:/ST/STM32CubeIDE_1.19.0/STM32CubeIDE/plugins/com.st.stm32cube.ide.mcu.externaltools.gnu-tools-for-stm32.13.3.rel1.win32_1.0.0.202411081344/tools/bin/../lib/gcc/arm-none-eabi/13.3.1/../../../../arm-none-eabi/lib/thumb/v7e-m+fp/hard\libc_nano.a
LOAD C:/ST/STM32CubeIDE_1.19.0/STM32CubeIDE/plugins/com.st.stm32cube.ide.mcu.externaltools.gnu-tools-for-stm32.13.3.rel1.win32_1.0.0.202411081344/tools/bin/../lib/gcc/arm-none-eabi/13.3.1/../../../../arm-none-eabi/lib/thumb/v7e-m+fp/hard\libnosys.a
END GROUP
START GROUP
LOAD C:/ST/STM32CubeIDE_1.19.0/STM32CubeIDE/plugins/com.st.stm32cube.ide.mcu.externaltools.gnu-tools-for-stm32.13.3.rel1.win32_1.0.0.202411081344/tools/bin/../lib/gcc/arm-none-eabi/13.3.1/thumb/v7e-m+fp/hard\libgcc.a
LOAD C:/ST/STM32CubeIDE_1.19.0/STM32CubeIDE/plugins/com.st.stm32cube.ide.mcu.externaltools.gnu-tools-for-stm32.13.3.rel1.win32_1.0.0.202411081344/tools/bin/../lib/gcc/arm-none-eabi/13.3.1/../../../../arm-none-eabi/lib/thumb/v7e-m+fp/hard\libc_nano.a
LOAD C:/ST/STM32CubeIDE_1.19.0/STM32CubeIDE/plugins/com.st.stm32cube.ide.mcu.externaltools.gnu-tools-for-stm32.13.3.rel1.win32_1.0.0.202411081344/tools/bin/../lib/gcc/arm-none-eabi/13.3.1/../../../../arm-none-eabi/lib/thumb/v7e-m+fp/hard\libnosys.a
END GROUP
LOAD C:/ST/STM32CubeIDE_1.19.0/STM32CubeIDE/plugins/com.st.stm32cube.ide.mcu.externaltools.gnu-tools-for-stm32.13.3.rel1.win32_1.0.0.202411081344/tools/bin/../lib/gcc/arm-none-eabi/13.3.1/thumb/v7e-m+fp/hard/crtend.o
LOAD C:/ST/STM32CubeIDE_1.19.0/STM32CubeIDE/plugins/com.st.stm32cube.ide.mcu.externaltools.gnu-tools-for-stm32.13.3.rel1.win32_1.0.0.202411081344/tools/bin/../lib/gcc/arm-none-eabi/13.3.1/thumb/v7e-m+fp/hard/crtn.o
                0x2001c000                        _estack = (ORIGIN (RAM) + LENGTH (RAM))
                0x00000200                        _Min_Heap_Size = 0x200
                0x00000400                        _Min_Stack_Size = 0x400

.isr_vector     0x08000000      0x1d8
                0x08000000                        . = ALIGN (0x4)
 *(.isr_vector)
 .isr_vector    0x08000000      0x1d8 ./Core/Startup/startup_stm32g491retx.o
                0x08000000                g_pfnVectors
                0x080001d8                        . = ALIGN (0x4)

.text           0x080001d8     0x49b0
                0x080001d8                        . = ALIGN (0x4)
 *(.text)
 .text          0x080001d8       0x40 C:/ST/STM32CubeIDE_1.19.0/STM32CubeIDE/plugins/com.st.stm32cube.ide.mcu.externaltools.gnu-tools-for-stm32.13.3.rel1.win32_1.0.0.202411081344/tools/bin/../lib/gcc/arm-none-eabi/13.3.1/thumb/v7e-m+fp/hard/crtbegin.o
 .text          0x08000218       0x30 C:/ST/STM32CubeIDE_1.19.0/STM32CubeIDE/plugins/com.st.stm32cube.ide.mcu.externaltools.gnu-tools-for-stm32.13.3.rel1.win32_1.0.0.202411081344/tools/bin/../lib/gcc/arm-none-eabi/13.3.1/thumb/v7e-m+fp/hard\libgcc.a(_aeabi_uldivmod.o)
                0x08000218                __aeabi_uldivmod
 .text          0x08000248      0x2f8 C:/ST/STM32CubeIDE_1.19.0/STM32CubeIDE/plugins/com.st.stm32cube.ide.mcu.externaltools.gnu-tools-for-stm32.13.3.rel1.win32_1.0.0.202411081344/tools/bin/../lib/gcc/arm-none-eabi/13.3.1/thumb/v7e-m+fp/hard\libgcc.a(_udivmoddi4.o)
                0x08000248                __udivmoddi4
 .text          0x08000540        0x4 C:/ST/STM32CubeIDE_1.19.0/STM32CubeIDE/plugins/com.st.stm32cube.ide.mcu.externaltools.gnu-tools-for-stm32.13.3.rel1.win32_1.0.0.202411081344/tools/bin/../lib/gcc/arm-none-eabi/13.3.1/thumb/v7e-m+fp/hard\libgcc.a(_dvmd_tls.o)
                0x08000540                __aeabi_idiv0
                0x08000540                __aeabi_ldiv0
 *(.text*)
 .text._ZN12BoardManagerC2EP6sx1276
                0x08000544       0x1e ./Core/Src/BoardManager.o
                0x08000544                BoardManager::BoardManager(sx1276*)
                0x08000544                BoardManager::BoardManager(sx1276*)
 .text._ZN12BoardManager14bm_send_packetEPKhh
                0x08000562       0x26 ./Core/Src/BoardManager.o
                0x08000562                BoardManager::bm_send_packet(unsigned char const*, unsigned char)
 .text._ZN5IOPinC2EP12GPIO_TypeDeft
                0x08000588       0x28 ./Core/Src/IOPin.o
                0x08000588                IOPin::IOPin(GPIO_TypeDef*, unsigned short)
                0x08000588                IOPin::IOPin(GPIO_TypeDef*, unsigned short)
 .text._ZN5IOPin6setPinE13GPIO_PinState
                0x080005b0       0x24 ./Core/Src/IOPin.o
                0x080005b0                IOPin::setPin(GPIO_PinState)
 .text._ZN9SPIDeviceC2ER9SPIDriverR5IOPin
                0x080005d4       0x2a ./Core/Src/SPIDevice.o
                0x080005d4                SPIDevice::SPIDevice(SPIDriver&, IOPin&)
                0x080005d4                SPIDevice::SPIDevice(SPIDriver&, IOPin&)
 .text._ZN9SPIDevice8transmitEPht
                0x080005fe       0x42 ./Core/Src/SPIDevice.o
                0x080005fe                SPIDevice::transmit(unsigned char*, unsigned short)
 .text._ZN9SPIDevice16transmit_ReceiveEPhtS0_t
                0x08000640       0x48 ./Core/Src/SPIDevice.o
                0x08000640                SPIDevice::transmit_Receive(unsigned char*, unsigned short, unsigned char*, unsigned short)
 .text._ZN9SPIDriverC2EP19__SPI_HandleTypeDefm
                0x08000688       0x26 ./Core/Src/SPIDriver.o
                0x08000688                SPIDriver::SPIDriver(__SPI_HandleTypeDef*, unsigned long)
                0x08000688                SPIDriver::SPIDriver(__SPI_HandleTypeDef*, unsigned long)
 .text._ZN9SPIDriver8transmitEPht
                0x080006ae       0x36 ./Core/Src/SPIDriver.o
                0x080006ae                SPIDriver::transmit(unsigned char*, unsigned short)
 .text._ZN9SPIDriver16transmit_ReceiveEPhtS0_t
                0x080006e4       0x4a ./Core/Src/SPIDriver.o
                0x080006e4                SPIDriver::transmit_Receive(unsigned char*, unsigned short, unsigned char*, unsigned short)
 *fill*         0x0800072e        0x2 
 .text.bm_init  0x08000730       0x58 ./Core/Src/Wrapper.o
                0x08000730                bm_init
 .text.bm_send  0x08000788       0x22 ./Core/Src/Wrapper.o
                0x08000788                bm_send
 *fill*         0x080007aa        0x2 
 .text.MX_GPIO_Init
                0x080007ac       0xc4 ./Core/Src/gpio.o
                0x080007ac                MX_GPIO_Init
 .text.main     0x08000870       0x4c ./Core/Src/main.o
                0x08000870                main
 .text.SystemClock_Config
                0x080008bc       0x96 ./Core/Src/main.o
                0x080008bc                SystemClock_Config
 .text.Error_Handler
                0x08000952        0xc ./Core/Src/main.o
                0x08000952                Error_Handler
 *fill*         0x0800095e        0x2 
 .text.MX_SPI1_Init
                0x08000960       0x7c ./Core/Src/spi.o
                0x08000960                MX_SPI1_Init
 .text.HAL_SPI_MspInit
                0x080009dc       0x84 ./Core/Src/spi.o
                0x080009dc                HAL_SPI_MspInit
 .text.HAL_MspInit
                0x08000a60       0x48 ./Core/Src/stm32g4xx_hal_msp.o
                0x08000a60                HAL_MspInit
 .text.NMI_Handler
                0x08000aa8        0x8 ./Core/Src/stm32g4xx_it.o
                0x08000aa8                NMI_Handler
 .text.HardFault_Handler
                0x08000ab0        0x8 ./Core/Src/stm32g4xx_it.o
                0x08000ab0                HardFault_Handler
 .text.MemManage_Handler
                0x08000ab8        0x8 ./Core/Src/stm32g4xx_it.o
                0x08000ab8                MemManage_Handler
 .text.BusFault_Handler
                0x08000ac0        0x8 ./Core/Src/stm32g4xx_it.o
                0x08000ac0                BusFault_Handler
 .text.UsageFault_Handler
                0x08000ac8        0x8 ./Core/Src/stm32g4xx_it.o
                0x08000ac8                UsageFault_Handler
 .text.SVC_Handler
                0x08000ad0        0xe ./Core/Src/stm32g4xx_it.o
                0x08000ad0                SVC_Handler
 .text.DebugMon_Handler
                0x08000ade        0xe ./Core/Src/stm32g4xx_it.o
                0x08000ade                DebugMon_Handler
 .text.PendSV_Handler
                0x08000aec        0xe ./Core/Src/stm32g4xx_it.o
                0x08000aec                PendSV_Handler
 .text.SysTick_Handler
                0x08000afa        0xc ./Core/Src/stm32g4xx_it.o
                0x08000afa                SysTick_Handler
 .text.EXTI15_10_IRQHandler
                0x08000b06       0x10 ./Core/Src/stm32g4xx_it.o
                0x08000b06                EXTI15_10_IRQHandler
 .text._ZN6sx1276C2EP19__SPI_HandleTypeDefP12GPIO_TypeDeftS3_tS3_t
                0x08000b16       0x60 ./Core/Src/sx1276.o
                0x08000b16                sx1276::sx1276(__SPI_HandleTypeDef*, GPIO_TypeDef*, unsigned short, GPIO_TypeDef*, unsigned short, GPIO_TypeDef*, unsigned short)
                0x08000b16                sx1276::sx1276(__SPI_HandleTypeDef*, GPIO_TypeDef*, unsigned short, GPIO_TypeDef*, unsigned short, GPIO_TypeDef*, unsigned short)
 .text._ZN6sx12767readregEh
                0x08000b76       0x3c ./Core/Src/sx1276.o
                0x08000b76                sx1276::readreg(unsigned char)
 .text._ZN6sx12768writeregEhh
                0x08000bb2       0x38 ./Core/Src/sx1276.o
                0x08000bb2                sx1276::writereg(unsigned char, unsigned char)
 .text._ZN6sx127611writebufferEhPKhh
                0x08000bea       0xb8 ./Core/Src/sx1276.o
                0x08000bea                sx1276::writebuffer(unsigned char, unsigned char const*, unsigned char)
 *fill*         0x08000ca2        0x2 
 .text._ZN6sx12764sendEPKhh
                0x08000ca4       0xd4 ./Core/Src/sx1276.o
                0x08000ca4                sx1276::send(unsigned char const*, unsigned char)
 .text._getpid  0x08000d78       0x10 ./Core/Src/syscalls.o
                0x08000d78                _getpid
 .text._kill    0x08000d88       0x20 ./Core/Src/syscalls.o
                0x08000d88                _kill
 .text._exit    0x08000da8       0x16 ./Core/Src/syscalls.o
                0x08000da8                _exit
 .text._read    0x08000dbe       0x3a ./Core/Src/syscalls.o
                0x08000dbe                _read
 .text._close   0x08000df8       0x18 ./Core/Src/syscalls.o
                0x08000df8                _close
 .text._fstat   0x08000e10       0x20 ./Core/Src/syscalls.o
                0x08000e10                _fstat
 .text._isatty  0x08000e30       0x16 ./Core/Src/syscalls.o
                0x08000e30                _isatty
 .text._lseek   0x08000e46       0x1a ./Core/Src/syscalls.o
                0x08000e46                _lseek
 .text._write   0x08000e60       0x2c ./Core/Src/syscalls.o
                0x08000e60                _write
 .text._sbrk    0x08000e8c       0x6c ./Core/Src/sysmem.o
                0x08000e8c                _sbrk
 .text.SystemInit
                0x08000ef8       0x24 ./Core/Src/system_stm32g4xx.o
                0x08000ef8                SystemInit
 .text.MX_USART1_UART_Init
                0x08000f1c       0x98 ./Core/Src/usart.o
                0x08000f1c                MX_USART1_UART_Init
 .text.HAL_UART_MspInit
                0x08000fb4       0xb0 ./Core/Src/usart.o
                0x08000fb4                HAL_UART_MspInit
 .text.Reset_Handler
                0x08001064       0x50 ./Core/Startup/startup_stm32g491retx.o
                0x08001064                Reset_Handler
 .text.Default_Handler
                0x080010b4        0x2 ./Core/Startup/startup_stm32g491retx.o
                0x080010b4                RTC_Alarm_IRQHandler
                0x080010b4                EXTI2_IRQHandler
                0x080010b4                TIM8_TRG_COM_IRQHandler
                0x080010b4                TIM8_CC_IRQHandler
                0x080010b4                TIM1_CC_IRQHandler
                0x080010b4                USB_HP_IRQHandler
                0x080010b4                CORDIC_IRQHandler
                0x080010b4                DMA2_Channel8_IRQHandler
                0x080010b4                EXTI3_IRQHandler
                0x080010b4                I2C3_ER_IRQHandler
                0x080010b4                EXTI0_IRQHandler
                0x080010b4                I2C2_EV_IRQHandler
                0x080010b4                FPU_IRQHandler
                0x080010b4                FDCAN1_IT1_IRQHandler
                0x080010b4                TIM1_UP_TIM16_IRQHandler
                0x080010b4                ADC1_2_IRQHandler
                0x080010b4                SPI1_IRQHandler
                0x080010b4                TIM6_DAC_IRQHandler
                0x080010b4                TIM8_UP_IRQHandler
                0x080010b4                DMA2_Channel2_IRQHandler
                0x080010b4                DMA1_Channel4_IRQHandler
                0x080010b4                TIM20_TRG_COM_IRQHandler
                0x080010b4                USART3_IRQHandler
                0x080010b4                DMA1_Channel7_IRQHandler
                0x080010b4                UART5_IRQHandler
                0x080010b4                ADC3_IRQHandler
                0x080010b4                TIM4_IRQHandler
                0x080010b4                DMA2_Channel1_IRQHandler
                0x080010b4                QUADSPI_IRQHandler
                0x080010b4                I2C1_EV_IRQHandler
                0x080010b4                DMA1_Channel6_IRQHandler
                0x080010b4                UART4_IRQHandler
                0x080010b4                DMA2_Channel4_IRQHandler
                0x080010b4                TIM3_IRQHandler
                0x080010b4                RCC_IRQHandler
                0x080010b4                TIM20_UP_IRQHandler
                0x080010b4                DMA1_Channel1_IRQHandler
                0x080010b4                Default_Handler
                0x080010b4                DMA2_Channel7_IRQHandler
                0x080010b4                RTC_TAMP_LSECSS_IRQHandler
                0x080010b4                FMAC_IRQHandler
                0x080010b4                DMA1_Channel8_IRQHandler
                0x080010b4                TIM7_IRQHandler
                0x080010b4                UCPD1_IRQHandler
                0x080010b4                I2C3_EV_IRQHandler
                0x080010b4                EXTI9_5_IRQHandler
                0x080010b4                RTC_WKUP_IRQHandler
                0x080010b4                PVD_PVM_IRQHandler
                0x080010b4                SPI2_IRQHandler
                0x080010b4                DMA2_Channel5_IRQHandler
                0x080010b4                CRS_IRQHandler
                0x080010b4                DMA1_Channel5_IRQHandler
                0x080010b4                USB_LP_IRQHandler
                0x080010b4                EXTI4_IRQHandler
                0x080010b4                RNG_IRQHandler
                0x080010b4                TIM1_TRG_COM_TIM17_IRQHandler
                0x080010b4                FDCAN2_IT1_IRQHandler
                0x080010b4                DMA1_Channel3_IRQHandler
                0x080010b4                WWDG_IRQHandler
                0x080010b4                FDCAN2_IT0_IRQHandler
                0x080010b4                LPUART1_IRQHandler
                0x080010b4                DMA2_Channel6_IRQHandler
                0x080010b4                FDCAN1_IT0_IRQHandler
                0x080010b4                TIM2_IRQHandler
                0x080010b4                COMP1_2_3_IRQHandler
                0x080010b4                EXTI1_IRQHandler
                0x080010b4                USART2_IRQHandler
                0x080010b4                TIM20_BRK_IRQHandler
                0x080010b4                I2C2_ER_IRQHandler
                0x080010b4                DMA1_Channel2_IRQHandler
                0x080010b4                TIM8_BRK_IRQHandler
                0x080010b4                FLASH_IRQHandler
                0x080010b4                TIM20_CC_IRQHandler
                0x080010b4                USART1_IRQHandler
                0x080010b4                SPI3_IRQHandler
                0x080010b4                I2C1_ER_IRQHandler
                0x080010b4                LPTIM1_IRQHandler
                0x080010b4                DMAMUX_OVR_IRQHandler
                0x080010b4                USBWakeUp_IRQHandler
                0x080010b4                SAI1_IRQHandler
                0x080010b4                DMA2_Channel3_IRQHandler
                0x080010b4                COMP4_IRQHandler
                0x080010b4                TIM1_BRK_TIM15_IRQHandler
 .text.HAL_Init
                0x080010b6       0x30 ./Drivers/STM32G4xx_HAL_Driver/Src/stm32g4xx_hal.o
                0x080010b6                HAL_Init
 *fill*         0x080010e6        0x2 
 .text.HAL_InitTick
                0x080010e8       0x74 ./Drivers/STM32G4xx_HAL_Driver/Src/stm32g4xx_hal.o
                0x080010e8                HAL_InitTick
 .text.HAL_IncTick
                0x0800115c       0x24 ./Drivers/STM32G4xx_HAL_Driver/Src/stm32g4xx_hal.o
                0x0800115c                HAL_IncTick
 .text.HAL_GetTick
                0x08001180       0x18 ./Drivers/STM32G4xx_HAL_Driver/Src/stm32g4xx_hal.o
                0x08001180                HAL_GetTick
 .text.HAL_Delay
                0x08001198       0x44 ./Drivers/STM32G4xx_HAL_Driver/Src/stm32g4xx_hal.o
                0x08001198                HAL_Delay
 .text.__NVIC_SetPriorityGrouping
                0x080011dc       0x48 ./Drivers/STM32G4xx_HAL_Driver/Src/stm32g4xx_hal_cortex.o
 .text.__NVIC_GetPriorityGrouping
                0x08001224       0x1c ./Drivers/STM32G4xx_HAL_Driver/Src/stm32g4xx_hal_cortex.o
 .text.__NVIC_EnableIRQ
                0x08001240       0x3c ./Drivers/STM32G4xx_HAL_Driver/Src/stm32g4xx_hal_cortex.o
 .text.__NVIC_SetPriority
                0x0800127c       0x54 ./Drivers/STM32G4xx_HAL_Driver/Src/stm32g4xx_hal_cortex.o
 .text.NVIC_EncodePriority
                0x080012d0       0x66 ./Drivers/STM32G4xx_HAL_Driver/Src/stm32g4xx_hal_cortex.o
 *fill*         0x08001336        0x2 
 .text.SysTick_Config
                0x08001338       0x44 ./Drivers/STM32G4xx_HAL_Driver/Src/stm32g4xx_hal_cortex.o
 .text.HAL_NVIC_SetPriorityGrouping
                0x0800137c       0x16 ./Drivers/STM32G4xx_HAL_Driver/Src/stm32g4xx_hal_cortex.o
                0x0800137c                HAL_NVIC_SetPriorityGrouping
 .text.HAL_NVIC_SetPriority
                0x08001392       0x34 ./Drivers/STM32G4xx_HAL_Driver/Src/stm32g4xx_hal_cortex.o
                0x08001392                HAL_NVIC_SetPriority
 .text.HAL_NVIC_EnableIRQ
                0x080013c6       0x1c ./Drivers/STM32G4xx_HAL_Driver/Src/stm32g4xx_hal_cortex.o
                0x080013c6                HAL_NVIC_EnableIRQ
 .text.HAL_SYSTICK_Config
                0x080013e2       0x18 ./Drivers/STM32G4xx_HAL_Driver/Src/stm32g4xx_hal_cortex.o
                0x080013e2                HAL_SYSTICK_Config
 *fill*         0x080013fa        0x2 
 .text.HAL_GPIO_Init
                0x080013fc      0x318 ./Drivers/STM32G4xx_HAL_Driver/Src/stm32g4xx_hal_gpio.o
                0x080013fc                HAL_GPIO_Init
 .text.HAL_GPIO_WritePin
                0x08001714       0x30 ./Drivers/STM32G4xx_HAL_Driver/Src/stm32g4xx_hal_gpio.o
                0x08001714                HAL_GPIO_WritePin
 .text.HAL_GPIO_EXTI_IRQHandler
                0x08001744       0x30 ./Drivers/STM32G4xx_HAL_Driver/Src/stm32g4xx_hal_gpio.o
                0x08001744                HAL_GPIO_EXTI_IRQHandler
 .text.HAL_GPIO_EXTI_Callback
                0x08001774       0x16 ./Drivers/STM32G4xx_HAL_Driver/Src/stm32g4xx_hal_gpio.o
                0x08001774                HAL_GPIO_EXTI_Callback
 *fill*         0x0800178a        0x2 
 .text.HAL_PWREx_ControlVoltageScaling
                0x0800178c      0x148 ./Drivers/STM32G4xx_HAL_Driver/Src/stm32g4xx_hal_pwr_ex.o
                0x0800178c                HAL_PWREx_ControlVoltageScaling
 .text.HAL_PWREx_DisableUCPDDeadBattery
                0x080018d4       0x20 ./Drivers/STM32G4xx_HAL_Driver/Src/stm32g4xx_hal_pwr_ex.o
                0x080018d4                HAL_PWREx_DisableUCPDDeadBattery
 .text.HAL_RCC_OscConfig
                0x080018f4      0x624 ./Drivers/STM32G4xx_HAL_Driver/Src/stm32g4xx_hal_rcc.o
                0x080018f4                HAL_RCC_OscConfig
 .text.HAL_RCC_ClockConfig
                0x08001f18      0x278 ./Drivers/STM32G4xx_HAL_Driver/Src/stm32g4xx_hal_rcc.o
                0x08001f18                HAL_RCC_ClockConfig
 .text.HAL_RCC_GetSysClockFreq
                0x08002190       0xc4 ./Drivers/STM32G4xx_HAL_Driver/Src/stm32g4xx_hal_rcc.o
                0x08002190                HAL_RCC_GetSysClockFreq
 .text.HAL_RCC_GetHCLKFreq
                0x08002254       0x18 ./Drivers/STM32G4xx_HAL_Driver/Src/stm32g4xx_hal_rcc.o
                0x08002254                HAL_RCC_GetHCLKFreq
 .text.HAL_RCC_GetPCLK1Freq
                0x0800226c       0x2c ./Drivers/STM32G4xx_HAL_Driver/Src/stm32g4xx_hal_rcc.o
                0x0800226c                HAL_RCC_GetPCLK1Freq
 .text.HAL_RCC_GetPCLK2Freq
                0x08002298       0x2c ./Drivers/STM32G4xx_HAL_Driver/Src/stm32g4xx_hal_rcc.o
                0x08002298                HAL_RCC_GetPCLK2Freq
 .text.RCC_GetSysClockFreqFromPLLSource
                0x080022c4       0x8c ./Drivers/STM32G4xx_HAL_Driver/Src/stm32g4xx_hal_rcc.o
 .text.HAL_RCCEx_PeriphCLKConfig
                0x08002350      0x478 ./Drivers/STM32G4xx_HAL_Driver/Src/stm32g4xx_hal_rcc_ex.o
                0x08002350                HAL_RCCEx_PeriphCLKConfig
 .text.HAL_SPI_Init
                0x080027c8      0x156 ./Drivers/STM32G4xx_HAL_Driver/Src/stm32g4xx_hal_spi.o
                0x080027c8                HAL_SPI_Init
 .text.HAL_SPI_Transmit
                0x0800291e      0x2ec ./Drivers/STM32G4xx_HAL_Driver/Src/stm32g4xx_hal_spi.o
                0x0800291e                HAL_SPI_Transmit
 .text.HAL_SPI_TransmitReceive
                0x08002c0a      0x43e ./Drivers/STM32G4xx_HAL_Driver/Src/stm32g4xx_hal_spi.o
                0x08002c0a                HAL_SPI_TransmitReceive
 .text.SPI_WaitFlagStateUntilTimeout
                0x08003048      0x110 ./Drivers/STM32G4xx_HAL_Driver/Src/stm32g4xx_hal_spi.o
 .text.SPI_WaitFifoStateUntilTimeout
                0x08003158      0x12c ./Drivers/STM32G4xx_HAL_Driver/Src/stm32g4xx_hal_spi.o
 .text.SPI_EndRxTxTransaction
                0x08003284       0x8c ./Drivers/STM32G4xx_HAL_Driver/Src/stm32g4xx_hal_spi.o
 .text.HAL_UART_Init
                0x08003310       0xa0 ./Drivers/STM32G4xx_HAL_Driver/Src/stm32g4xx_hal_uart.o
                0x08003310                HAL_UART_Init
 .text.HAL_UART_Transmit
                0x080033b0      0x132 ./Drivers/STM32G4xx_HAL_Driver/Src/stm32g4xx_hal_uart.o
                0x080033b0                HAL_UART_Transmit
 *fill*         0x080034e2        0x2 
 .text.UART_SetConfig
                0x080034e4      0x5f8 ./Drivers/STM32G4xx_HAL_Driver/Src/stm32g4xx_hal_uart.o
                0x080034e4                UART_SetConfig
 .text.UART_AdvFeatureConfig
                0x08003adc      0x144 ./Drivers/STM32G4xx_HAL_Driver/Src/stm32g4xx_hal_uart.o
                0x08003adc                UART_AdvFeatureConfig
 .text.UART_CheckIdleState
                0x08003c20      0x154 ./Drivers/STM32G4xx_HAL_Driver/Src/stm32g4xx_hal_uart.o
                0x08003c20                UART_CheckIdleState
 .text.UART_WaitOnFlagUntilTimeout
                0x08003d74       0xda ./Drivers/STM32G4xx_HAL_Driver/Src/stm32g4xx_hal_uart.o
                0x08003d74                UART_WaitOnFlagUntilTimeout
 .text.UART_EndRxTransfer
                0x08003e4e       0xcc ./Drivers/STM32G4xx_HAL_Driver/Src/stm32g4xx_hal_uart.o
 .text.HAL_UARTEx_DisableFifoMode
                0x08003f1a       0x72 ./Drivers/STM32G4xx_HAL_Driver/Src/stm32g4xx_hal_uart_ex.o
                0x08003f1a                HAL_UARTEx_DisableFifoMode
 .text.HAL_UARTEx_SetTxFifoThreshold
                0x08003f8c       0x7c ./Drivers/STM32G4xx_HAL_Driver/Src/stm32g4xx_hal_uart_ex.o
                0x08003f8c                HAL_UARTEx_SetTxFifoThreshold
 .text.HAL_UARTEx_SetRxFifoThreshold
                0x08004008       0x7c ./Drivers/STM32G4xx_HAL_Driver/Src/stm32g4xx_hal_uart_ex.o
                0x08004008                HAL_UARTEx_SetRxFifoThreshold
 .text.UARTEx_SetNbDataToProcess
                0x08004084       0x9c ./Drivers/STM32G4xx_HAL_Driver/Src/stm32g4xx_hal_uart_ex.o
 .text._Znwj    0x08004120       0x22 C:/ST/STM32CubeIDE_1.19.0/STM32CubeIDE/plugins/com.st.stm32cube.ide.mcu.externaltools.gnu-tools-for-stm32.13.3.rel1.win32_1.0.0.202411081344/tools/bin/../lib/gcc/arm-none-eabi/13.3.1/../../../../arm-none-eabi/lib/thumb/v7e-m+fp/hard\libstdc++_nano.a(new_op.o)
                0x08004120                operator new(unsigned int)
 *fill*         0x08004142        0x2 
 .text._ZSt15get_new_handlerv
                0x08004144       0x10 C:/ST/STM32CubeIDE_1.19.0/STM32CubeIDE/plugins/com.st.stm32cube.ide.mcu.externaltools.gnu-tools-for-stm32.13.3.rel1.win32_1.0.0.202411081344/tools/bin/../lib/gcc/arm-none-eabi/13.3.1/../../../../arm-none-eabi/lib/thumb/v7e-m+fp/hard\libstdc++_nano.a(new_handler.o)
                0x08004144                std::get_new_handler()
 .text.abort    0x08004154        0xe C:/ST/STM32CubeIDE_1.19.0/STM32CubeIDE/plugins/com.st.stm32cube.ide.mcu.externaltools.gnu-tools-for-stm32.13.3.rel1.win32_1.0.0.202411081344/tools/bin/../lib/gcc/arm-none-eabi/13.3.1/../../../../arm-none-eabi/lib/thumb/v7e-m+fp/hard\libc_nano.a(libc_a-abort.o)
                0x08004154                abort
 *fill*         0x08004162        0x2 
 .text.malloc   0x08004164       0x10 C:/ST/STM32CubeIDE_1.19.0/STM32CubeIDE/plugins/com.st.stm32cube.ide.mcu.externaltools.gnu-tools-for-stm32.13.3.rel1.win32_1.0.0.202411081344/tools/bin/../lib/gcc/arm-none-eabi/13.3.1/../../../../arm-none-eabi/lib/thumb/v7e-m+fp/hard\libc_nano.a(libc_a-malloc.o)
                0x08004164                malloc
 .text.sbrk_aligned
                0x08004174       0x44 C:/ST/STM32CubeIDE_1.19.0/STM32CubeIDE/plugins/com.st.stm32cube.ide.mcu.externaltools.gnu-tools-for-stm32.13.3.rel1.win32_1.0.0.202411081344/tools/bin/../lib/gcc/arm-none-eabi/13.3.1/../../../../arm-none-eabi/lib/thumb/v7e-m+fp/hard\libc_nano.a(libc_a-mallocr.o)
 .text._malloc_r
                0x080041b8      0x100 C:/ST/STM32CubeIDE_1.19.0/STM32CubeIDE/plugins/com.st.stm32cube.ide.mcu.externaltools.gnu-tools-for-stm32.13.3.rel1.win32_1.0.0.202411081344/tools/bin/../lib/gcc/arm-none-eabi/13.3.1/../../../../arm-none-eabi/lib/thumb/v7e-m+fp/hard\libc_nano.a(libc_a-mallocr.o)
                0x080041b8                _malloc_r
 .text.__malloc_lock
                0x080042b8        0xc C:/ST/STM32CubeIDE_1.19.0/STM32CubeIDE/plugins/com.st.stm32cube.ide.mcu.externaltools.gnu-tools-for-stm32.13.3.rel1.win32_1.0.0.202411081344/tools/bin/../lib/gcc/arm-none-eabi/13.3.1/../../../../arm-none-eabi/lib/thumb/v7e-m+fp/hard\libc_nano.a(libc_a-mlock.o)
                0x080042b8                __malloc_lock
 .text.__malloc_unlock
                0x080042c4        0xc C:/ST/STM32CubeIDE_1.19.0/STM32CubeIDE/plugins/com.st.stm32cube.ide.mcu.externaltools.gnu-tools-for-stm32.13.3.rel1.win32_1.0.0.202411081344/tools/bin/../lib/gcc/arm-none-eabi/13.3.1/../../../../arm-none-eabi/lib/thumb/v7e-m+fp/hard\libc_nano.a(libc_a-mlock.o)
                0x080042c4                __malloc_unlock
 .text.std      0x080042d0       0x6c C:/ST/STM32CubeIDE_1.19.0/STM32CubeIDE/plugins/com.st.stm32cube.ide.mcu.externaltools.gnu-tools-for-stm32.13.3.rel1.win32_1.0.0.202411081344/tools/bin/../lib/gcc/arm-none-eabi/13.3.1/../../../../arm-none-eabi/lib/thumb/v7e-m+fp/hard\libc_nano.a(libc_a-findfp.o)
 .text.stdio_exit_handler
                0x0800433c       0x18 C:/ST/STM32CubeIDE_1.19.0/STM32CubeIDE/plugins/com.st.stm32cube.ide.mcu.externaltools.gnu-tools-for-stm32.13.3.rel1.win32_1.0.0.202411081344/tools/bin/../lib/gcc/arm-none-eabi/13.3.1/../../../../arm-none-eabi/lib/thumb/v7e-m+fp/hard\libc_nano.a(libc_a-findfp.o)
 .text.cleanup_stdio
                0x08004354       0x40 C:/ST/STM32CubeIDE_1.19.0/STM32CubeIDE/plugins/com.st.stm32cube.ide.mcu.externaltools.gnu-tools-for-stm32.13.3.rel1.win32_1.0.0.202411081344/tools/bin/../lib/gcc/arm-none-eabi/13.3.1/../../../../arm-none-eabi/lib/thumb/v7e-m+fp/hard\libc_nano.a(libc_a-findfp.o)
 .text.global_stdio_init.part.0
                0x08004394       0x3c C:/ST/STM32CubeIDE_1.19.0/STM32CubeIDE/plugins/com.st.stm32cube.ide.mcu.externaltools.gnu-tools-for-stm32.13.3.rel1.win32_1.0.0.202411081344/tools/bin/../lib/gcc/arm-none-eabi/13.3.1/../../../../arm-none-eabi/lib/thumb/v7e-m+fp/hard\libc_nano.a(libc_a-findfp.o)
 .text.__sfp_lock_acquire
                0x080043d0        0xc C:/ST/STM32CubeIDE_1.19.0/STM32CubeIDE/plugins/com.st.stm32cube.ide.mcu.externaltools.gnu-tools-for-stm32.13.3.rel1.win32_1.0.0.202411081344/tools/bin/../lib/gcc/arm-none-eabi/13.3.1/../../../../arm-none-eabi/lib/thumb/v7e-m+fp/hard\libc_nano.a(libc_a-findfp.o)
                0x080043d0                __sfp_lock_acquire
 .text.__sfp_lock_release
                0x080043dc        0xc C:/ST/STM32CubeIDE_1.19.0/STM32CubeIDE/plugins/com.st.stm32cube.ide.mcu.externaltools.gnu-tools-for-stm32.13.3.rel1.win32_1.0.0.202411081344/tools/bin/../lib/gcc/arm-none-eabi/13.3.1/../../../../arm-none-eabi/lib/thumb/v7e-m+fp/hard\libc_nano.a(libc_a-findfp.o)
                0x080043dc                __sfp_lock_release
 .text.__sinit  0x080043e8       0x30 C:/ST/STM32CubeIDE_1.19.0/STM32CubeIDE/plugins/com.st.stm32cube.ide.mcu.externaltools.gnu-tools-for-stm32.13.3.rel1.win32_1.0.0.202411081344/tools/bin/../lib/gcc/arm-none-eabi/13.3.1/../../../../arm-none-eabi/lib/thumb/v7e-m+fp/hard\libc_nano.a(libc_a-findfp.o)
                0x080043e8                __sinit
 .text._fwalk_sglue
                0x08004418       0x3c C:/ST/STM32CubeIDE_1.19.0/STM32CubeIDE/plugins/com.st.stm32cube.ide.mcu.externaltools.gnu-tools-for-stm32.13.3.rel1.win32_1.0.0.202411081344/tools/bin/../lib/gcc/arm-none-eabi/13.3.1/../../../../arm-none-eabi/lib/thumb/v7e-m+fp/hard\libc_nano.a(libc_a-fwalk.o)
                0x08004418                _fwalk_sglue
 .text._puts_r  0x08004454       0xaa C:/ST/STM32CubeIDE_1.19.0/STM32CubeIDE/plugins/com.st.stm32cube.ide.mcu.externaltools.gnu-tools-for-stm32.13.3.rel1.win32_1.0.0.202411081344/tools/bin/../lib/gcc/arm-none-eabi/13.3.1/../../../../arm-none-eabi/lib/thumb/v7e-m+fp/hard\libc_nano.a(libc_a-puts.o)
                0x08004454                _puts_r
 *fill*         0x080044fe        0x2 
 .text.puts     0x08004500       0x10 C:/ST/STM32CubeIDE_1.19.0/STM32CubeIDE/plugins/com.st.stm32cube.ide.mcu.externaltools.gnu-tools-for-stm32.13.3.rel1.win32_1.0.0.202411081344/tools/bin/../lib/gcc/arm-none-eabi/13.3.1/../../../../arm-none-eabi/lib/thumb/v7e-m+fp/hard\libc_nano.a(libc_a-puts.o)
                0x08004500                puts
 .text.__sread  0x08004510       0x22 C:/ST/STM32CubeIDE_1.19.0/STM32CubeIDE/plugins/com.st.stm32cube.ide.mcu.externaltools.gnu-tools-for-stm32.13.3.rel1.win32_1.0.0.202411081344/tools/bin/../lib/gcc/arm-none-eabi/13.3.1/../../../../arm-none-eabi/lib/thumb/v7e-m+fp/hard\libc_nano.a(libc_a-stdio.o)
                0x08004510                __sread
 .text.__swrite
                0x08004532       0x38 C:/ST/STM32CubeIDE_1.19.0/STM32CubeIDE/plugins/com.st.stm32cube.ide.mcu.externaltools.gnu-tools-for-stm32.13.3.rel1.win32_1.0.0.202411081344/tools/bin/../lib/gcc/arm-none-eabi/13.3.1/../../../../arm-none-eabi/lib/thumb/v7e-m+fp/hard\libc_nano.a(libc_a-stdio.o)
                0x08004532                __swrite
 .text.__sseek  0x0800456a       0x24 C:/ST/STM32CubeIDE_1.19.0/STM32CubeIDE/plugins/com.st.stm32cube.ide.mcu.externaltools.gnu-tools-for-stm32.13.3.rel1.win32_1.0.0.202411081344/tools/bin/../lib/gcc/arm-none-eabi/13.3.1/../../../../arm-none-eabi/lib/thumb/v7e-m+fp/hard\libc_nano.a(libc_a-stdio.o)
                0x0800456a                __sseek
 .text.__sclose
                0x0800458e        0x8 C:/ST/STM32CubeIDE_1.19.0/STM32CubeIDE/plugins/com.st.stm32cube.ide.mcu.externaltools.gnu-tools-for-stm32.13.3.rel1.win32_1.0.0.202411081344/tools/bin/../lib/gcc/arm-none-eabi/13.3.1/../../../../arm-none-eabi/lib/thumb/v7e-m+fp/hard\libc_nano.a(libc_a-stdio.o)
                0x0800458e                __sclose
 .text.__swbuf_r
                0x08004596       0x7c C:/ST/STM32CubeIDE_1.19.0/STM32CubeIDE/plugins/com.st.stm32cube.ide.mcu.externaltools.gnu-tools-for-stm32.13.3.rel1.win32_1.0.0.202411081344/tools/bin/../lib/gcc/arm-none-eabi/13.3.1/../../../../arm-none-eabi/lib/thumb/v7e-m+fp/hard\libc_nano.a(libc_a-wbuf.o)
                0x08004596                __swbuf_r
 *fill*         0x08004612        0x2 
 .text.__swsetup_r
                0x08004614       0xac C:/ST/STM32CubeIDE_1.19.0/STM32CubeIDE/plugins/com.st.stm32cube.ide.mcu.externaltools.gnu-tools-for-stm32.13.3.rel1.win32_1.0.0.202411081344/tools/bin/../lib/gcc/arm-none-eabi/13.3.1/../../../../arm-none-eabi/lib/thumb/v7e-m+fp/hard\libc_nano.a(libc_a-wsetup.o)
                0x08004614                __swsetup_r
 .text.memset   0x080046c0       0x10 C:/ST/STM32CubeIDE_1.19.0/STM32CubeIDE/plugins/com.st.stm32cube.ide.mcu.externaltools.gnu-tools-for-stm32.13.3.rel1.win32_1.0.0.202411081344/tools/bin/../lib/gcc/arm-none-eabi/13.3.1/../../../../arm-none-eabi/lib/thumb/v7e-m+fp/hard\libc_nano.a(libc_a-memset.o)
                0x080046c0                memset
 .text._raise_r
                0x080046d0       0x50 C:/ST/STM32CubeIDE_1.19.0/STM32CubeIDE/plugins/com.st.stm32cube.ide.mcu.externaltools.gnu-tools-for-stm32.13.3.rel1.win32_1.0.0.202411081344/tools/bin/../lib/gcc/arm-none-eabi/13.3.1/../../../../arm-none-eabi/lib/thumb/v7e-m+fp/hard\libc_nano.a(libc_a-signal.o)
                0x080046d0                _raise_r
 .text.raise    0x08004720       0x10 C:/ST/STM32CubeIDE_1.19.0/STM32CubeIDE/plugins/com.st.stm32cube.ide.mcu.externaltools.gnu-tools-for-stm32.13.3.rel1.win32_1.0.0.202411081344/tools/bin/../lib/gcc/arm-none-eabi/13.3.1/../../../../arm-none-eabi/lib/thumb/v7e-m+fp/hard\libc_nano.a(libc_a-signal.o)
                0x08004720                raise
 .text._close_r
                0x08004730       0x20 C:/ST/STM32CubeIDE_1.19.0/STM32CubeIDE/plugins/com.st.stm32cube.ide.mcu.externaltools.gnu-tools-for-stm32.13.3.rel1.win32_1.0.0.202411081344/tools/bin/../lib/gcc/arm-none-eabi/13.3.1/../../../../arm-none-eabi/lib/thumb/v7e-m+fp/hard\libc_nano.a(libc_a-closer.o)
                0x08004730                _close_r
 .text._lseek_r
                0x08004750       0x24 C:/ST/STM32CubeIDE_1.19.0/STM32CubeIDE/plugins/com.st.stm32cube.ide.mcu.externaltools.gnu-tools-for-stm32.13.3.rel1.win32_1.0.0.202411081344/tools/bin/../lib/gcc/arm-none-eabi/13.3.1/../../../../arm-none-eabi/lib/thumb/v7e-m+fp/hard\libc_nano.a(libc_a-lseekr.o)
                0x08004750                _lseek_r
 .text._read_r  0x08004774       0x24 C:/ST/STM32CubeIDE_1.19.0/STM32CubeIDE/plugins/com.st.stm32cube.ide.mcu.externaltools.gnu-tools-for-stm32.13.3.rel1.win32_1.0.0.202411081344/tools/bin/../lib/gcc/arm-none-eabi/13.3.1/../../../../arm-none-eabi/lib/thumb/v7e-m+fp/hard\libc_nano.a(libc_a-readr.o)
                0x08004774                _read_r
 .text._kill_r  0x08004798       0x24 C:/ST/STM32CubeIDE_1.19.0/STM32CubeIDE/plugins/com.st.stm32cube.ide.mcu.externaltools.gnu-tools-for-stm32.13.3.rel1.win32_1.0.0.202411081344/tools/bin/../lib/gcc/arm-none-eabi/13.3.1/../../../../arm-none-eabi/lib/thumb/v7e-m+fp/hard\libc_nano.a(libc_a-signalr.o)
                0x08004798                _kill_r
 .text._getpid_r
                0x080047bc        0x4 C:/ST/STM32CubeIDE_1.19.0/STM32CubeIDE/plugins/com.st.stm32cube.ide.mcu.externaltools.gnu-tools-for-stm32.13.3.rel1.win32_1.0.0.202411081344/tools/bin/../lib/gcc/arm-none-eabi/13.3.1/../../../../arm-none-eabi/lib/thumb/v7e-m+fp/hard\libc_nano.a(libc_a-signalr.o)
                0x080047bc                _getpid_r
 .text._sbrk_r  0x080047c0       0x20 C:/ST/STM32CubeIDE_1.19.0/STM32CubeIDE/plugins/com.st.stm32cube.ide.mcu.externaltools.gnu-tools-for-stm32.13.3.rel1.win32_1.0.0.202411081344/tools/bin/../lib/gcc/arm-none-eabi/13.3.1/../../../../arm-none-eabi/lib/thumb/v7e-m+fp/hard\libc_nano.a(libc_a-sbrkr.o)
                0x080047c0                _sbrk_r
 .text._write_r
                0x080047e0       0x24 C:/ST/STM32CubeIDE_1.19.0/STM32CubeIDE/plugins/com.st.stm32cube.ide.mcu.externaltools.gnu-tools-for-stm32.13.3.rel1.win32_1.0.0.202411081344/tools/bin/../lib/gcc/arm-none-eabi/13.3.1/../../../../arm-none-eabi/lib/thumb/v7e-m+fp/hard\libc_nano.a(libc_a-writer.o)
                0x080047e0                _write_r
 .text.__errno  0x08004804        0xc C:/ST/STM32CubeIDE_1.19.0/STM32CubeIDE/plugins/com.st.stm32cube.ide.mcu.externaltools.gnu-tools-for-stm32.13.3.rel1.win32_1.0.0.202411081344/tools/bin/../lib/gcc/arm-none-eabi/13.3.1/../../../../arm-none-eabi/lib/thumb/v7e-m+fp/hard\libc_nano.a(libc_a-errno.o)
                0x08004804                __errno
 .text.__libc_init_array
                0x08004810       0x48 C:/ST/STM32CubeIDE_1.19.0/STM32CubeIDE/plugins/com.st.stm32cube.ide.mcu.externaltools.gnu-tools-for-stm32.13.3.rel1.win32_1.0.0.202411081344/tools/bin/../lib/gcc/arm-none-eabi/13.3.1/../../../../arm-none-eabi/lib/thumb/v7e-m+fp/hard\libc_nano.a(libc_a-init.o)
                0x08004810                __libc_init_array
 .text.__retarget_lock_init_recursive
                0x08004858        0x2 C:/ST/STM32CubeIDE_1.19.0/STM32CubeIDE/plugins/com.st.stm32cube.ide.mcu.externaltools.gnu-tools-for-stm32.13.3.rel1.win32_1.0.0.202411081344/tools/bin/../lib/gcc/arm-none-eabi/13.3.1/../../../../arm-none-eabi/lib/thumb/v7e-m+fp/hard\libc_nano.a(libc_a-lock.o)
                0x08004858                __retarget_lock_init_recursive
 .text.__retarget_lock_acquire_recursive
                0x0800485a        0x2 C:/ST/STM32CubeIDE_1.19.0/STM32CubeIDE/plugins/com.st.stm32cube.ide.mcu.externaltools.gnu-tools-for-stm32.13.3.rel1.win32_1.0.0.202411081344/tools/bin/../lib/gcc/arm-none-eabi/13.3.1/../../../../arm-none-eabi/lib/thumb/v7e-m+fp/hard\libc_nano.a(libc_a-lock.o)
                0x0800485a                __retarget_lock_acquire_recursive
 .text.__retarget_lock_release_recursive
                0x0800485c        0x2 C:/ST/STM32CubeIDE_1.19.0/STM32CubeIDE/plugins/com.st.stm32cube.ide.mcu.externaltools.gnu-tools-for-stm32.13.3.rel1.win32_1.0.0.202411081344/tools/bin/../lib/gcc/arm-none-eabi/13.3.1/../../../../arm-none-eabi/lib/thumb/v7e-m+fp/hard\libc_nano.a(libc_a-lock.o)
                0x0800485c                __retarget_lock_release_recursive
 .text.memcpy   0x0800485e       0x1c C:/ST/STM32CubeIDE_1.19.0/STM32CubeIDE/plugins/com.st.stm32cube.ide.mcu.externaltools.gnu-tools-for-stm32.13.3.rel1.win32_1.0.0.202411081344/tools/bin/../lib/gcc/arm-none-eabi/13.3.1/../../../../arm-none-eabi/lib/thumb/v7e-m+fp/hard\libc_nano.a(libc_a-memcpy-stub.o)
                0x0800485e                memcpy
 *fill*         0x0800487a        0x2 
 .text._free_r  0x0800487c       0x94 C:/ST/STM32CubeIDE_1.19.0/STM32CubeIDE/plugins/com.st.stm32cube.ide.mcu.externaltools.gnu-tools-for-stm32.13.3.rel1.win32_1.0.0.202411081344/tools/bin/../lib/gcc/arm-none-eabi/13.3.1/../../../../arm-none-eabi/lib/thumb/v7e-m+fp/hard\libc_nano.a(libc_a-freer.o)
                0x0800487c                _free_r
 .text.__sflush_r
                0x08004910      0x108 C:/ST/STM32CubeIDE_1.19.0/STM32CubeIDE/plugins/com.st.stm32cube.ide.mcu.externaltools.gnu-tools-for-stm32.13.3.rel1.win32_1.0.0.202411081344/tools/bin/../lib/gcc/arm-none-eabi/13.3.1/../../../../arm-none-eabi/lib/thumb/v7e-m+fp/hard\libc_nano.a(libc_a-fflush.o)
                0x08004910                __sflush_r
 .text._fflush_r
                0x08004a18       0x50 C:/ST/STM32CubeIDE_1.19.0/STM32CubeIDE/plugins/com.st.stm32cube.ide.mcu.externaltools.gnu-tools-for-stm32.13.3.rel1.win32_1.0.0.202411081344/tools/bin/../lib/gcc/arm-none-eabi/13.3.1/../../../../arm-none-eabi/lib/thumb/v7e-m+fp/hard\libc_nano.a(libc_a-fflush.o)
                0x08004a18                _fflush_r
 .text.__swhatbuf_r
                0x08004a68       0x4c C:/ST/STM32CubeIDE_1.19.0/STM32CubeIDE/plugins/com.st.stm32cube.ide.mcu.externaltools.gnu-tools-for-stm32.13.3.rel1.win32_1.0.0.202411081344/tools/bin/../lib/gcc/arm-none-eabi/13.3.1/../../../../arm-none-eabi/lib/thumb/v7e-m+fp/hard\libc_nano.a(libc_a-makebuf.o)
                0x08004a68                __swhatbuf_r
 .text.__smakebuf_r
                0x08004ab4       0x78 C:/ST/STM32CubeIDE_1.19.0/STM32CubeIDE/plugins/com.st.stm32cube.ide.mcu.externaltools.gnu-tools-for-stm32.13.3.rel1.win32_1.0.0.202411081344/tools/bin/../lib/gcc/arm-none-eabi/13.3.1/../../../../arm-none-eabi/lib/thumb/v7e-m+fp/hard\libc_nano.a(libc_a-makebuf.o)
                0x08004ab4                __smakebuf_r
 .text._fstat_r
                0x08004b2c       0x24 C:/ST/STM32CubeIDE_1.19.0/STM32CubeIDE/plugins/com.st.stm32cube.ide.mcu.externaltools.gnu-tools-for-stm32.13.3.rel1.win32_1.0.0.202411081344/tools/bin/../lib/gcc/arm-none-eabi/13.3.1/../../../../arm-none-eabi/lib/thumb/v7e-m+fp/hard\libc_nano.a(libc_a-fstatr.o)
                0x08004b2c                _fstat_r
 .text._isatty_r
                0x08004b50       0x20 C:/ST/STM32CubeIDE_1.19.0/STM32CubeIDE/plugins/com.st.stm32cube.ide.mcu.externaltools.gnu-tools-for-stm32.13.3.rel1.win32_1.0.0.202411081344/tools/bin/../lib/gcc/arm-none-eabi/13.3.1/../../../../arm-none-eabi/lib/thumb/v7e-m+fp/hard\libc_nano.a(libc_a-isattyr.o)
                0x08004b50                _isatty_r
 *(.glue_7)
 .glue_7        0x08004b70        0x0 linker stubs
 *(.glue_7t)
 .glue_7t       0x08004b70        0x0 linker stubs
 *(.eh_frame)
 .eh_frame      0x08004b70        0x0 C:/ST/STM32CubeIDE_1.19.0/STM32CubeIDE/plugins/com.st.stm32cube.ide.mcu.externaltools.gnu-tools-for-stm32.13.3.rel1.win32_1.0.0.202411081344/tools/bin/../lib/gcc/arm-none-eabi/13.3.1/thumb/v7e-m+fp/hard/crtbegin.o
 *(.init)
 .init          0x08004b70        0x4 C:/ST/STM32CubeIDE_1.19.0/STM32CubeIDE/plugins/com.st.stm32cube.ide.mcu.externaltools.gnu-tools-for-stm32.13.3.rel1.win32_1.0.0.202411081344/tools/bin/../lib/gcc/arm-none-eabi/13.3.1/thumb/v7e-m+fp/hard/crti.o
                0x08004b70                _init
 .init          0x08004b74        0x8 C:/ST/STM32CubeIDE_1.19.0/STM32CubeIDE/plugins/com.st.stm32cube.ide.mcu.externaltools.gnu-tools-for-stm32.13.3.rel1.win32_1.0.0.202411081344/tools/bin/../lib/gcc/arm-none-eabi/13.3.1/thumb/v7e-m+fp/hard/crtn.o
 *(.fini)
 .fini          0x08004b7c        0x4 C:/ST/STM32CubeIDE_1.19.0/STM32CubeIDE/plugins/com.st.stm32cube.ide.mcu.externaltools.gnu-tools-for-stm32.13.3.rel1.win32_1.0.0.202411081344/tools/bin/../lib/gcc/arm-none-eabi/13.3.1/thumb/v7e-m+fp/hard/crti.o
                0x08004b7c                _fini
 .fini          0x08004b80        0x8 C:/ST/STM32CubeIDE_1.19.0/STM32CubeIDE/plugins/com.st.stm32cube.ide.mcu.externaltools.gnu-tools-for-stm32.13.3.rel1.win32_1.0.0.202411081344/tools/bin/../lib/gcc/arm-none-eabi/13.3.1/thumb/v7e-m+fp/hard/crtn.o
                0x08004b88                        . = ALIGN (0x4)
                0x08004b88                        _etext = .

.vfp11_veneer   0x08004b88        0x0
 .vfp11_veneer  0x08004b88        0x0 linker stubs

.v4_bx          0x08004b88        0x0
 .v4_bx         0x08004b88        0x0 linker stubs

.iplt           0x08004b88        0x0
 .iplt          0x08004b88        0x0 C:/ST/STM32CubeIDE_1.19.0/STM32CubeIDE/plugins/com.st.stm32cube.ide.mcu.externaltools.gnu-tools-for-stm32.13.3.rel1.win32_1.0.0.202411081344/tools/bin/../lib/gcc/arm-none-eabi/13.3.1/thumb/v7e-m+fp/hard/crtbegin.o

.rodata         0x08004b88       0xf8
                0x08004b88                        . = ALIGN (0x4)
 *(.rodata)
 .rodata        0x08004b88        0x8 ./Core/Src/main.o
 .rodata        0x08004b90       0xae ./Core/Src/sx1276.o
 *(.rodata*)
 *fill*         0x08004c3e        0x2 
 .rodata.AHBPrescTable
                0x08004c40       0x10 ./Core/Src/system_stm32g4xx.o
                0x08004c40                AHBPrescTable
 .rodata.APBPrescTable
                0x08004c50        0x8 ./Core/Src/system_stm32g4xx.o
                0x08004c50                APBPrescTable
 .rodata.UARTPrescTable
                0x08004c58       0x18 ./Drivers/STM32G4xx_HAL_Driver/Src/stm32g4xx_hal_uart.o
                0x08004c58                UARTPrescTable
 .rodata.numerator.1
                0x08004c70        0x8 ./Drivers/STM32G4xx_HAL_Driver/Src/stm32g4xx_hal_uart_ex.o
 .rodata.denominator.0
                0x08004c78        0x8 ./Drivers/STM32G4xx_HAL_Driver/Src/stm32g4xx_hal_uart_ex.o
                0x08004c80                        . = ALIGN (0x4)

.ARM.extab      0x08004c80        0x0
                0x08004c80                        . = ALIGN (0x4)
 *(.ARM.extab* .gnu.linkonce.armextab.*)
                0x08004c80                        . = ALIGN (0x4)

.ARM            0x08004c80        0x8
                0x08004c80                        . = ALIGN (0x4)
                0x08004c80                        __exidx_start = .
 *(.ARM.exidx*)
 .ARM.exidx     0x08004c80        0x8 C:/ST/STM32CubeIDE_1.19.0/STM32CubeIDE/plugins/com.st.stm32cube.ide.mcu.externaltools.gnu-tools-for-stm32.13.3.rel1.win32_1.0.0.202411081344/tools/bin/../lib/gcc/arm-none-eabi/13.3.1/thumb/v7e-m+fp/hard\libgcc.a(_udivmoddi4.o)
                0x08004c88                        __exidx_end = .
                0x08004c88                        . = ALIGN (0x4)

.preinit_array  0x08004c88        0x0
                0x08004c88                        . = ALIGN (0x4)
                0x08004c88                        PROVIDE (__preinit_array_start = .)
 *(.preinit_array*)
                0x08004c88                        PROVIDE (__preinit_array_end = .)
                0x08004c88                        . = ALIGN (0x4)

.init_array     0x08004c88        0x4
                0x08004c88                        . = ALIGN (0x4)
                0x08004c88                        PROVIDE (__init_array_start = .)
 *(SORT_BY_NAME(.init_array.*))
 *(.init_array*)
 .init_array    0x08004c88        0x4 C:/ST/STM32CubeIDE_1.19.0/STM32CubeIDE/plugins/com.st.stm32cube.ide.mcu.externaltools.gnu-tools-for-stm32.13.3.rel1.win32_1.0.0.202411081344/tools/bin/../lib/gcc/arm-none-eabi/13.3.1/thumb/v7e-m+fp/hard/crtbegin.o
                0x08004c8c                        PROVIDE (__init_array_end = .)
                0x08004c8c                        . = ALIGN (0x4)

.fini_array     0x08004c8c        0x4
                0x08004c8c                        . = ALIGN (0x4)
                [!provide]                        PROVIDE (__fini_array_start = .)
 *(SORT_BY_NAME(.fini_array.*))
 *(.fini_array*)
 .fini_array    0x08004c8c        0x4 C:/ST/STM32CubeIDE_1.19.0/STM32CubeIDE/plugins/com.st.stm32cube.ide.mcu.externaltools.gnu-tools-for-stm32.13.3.rel1.win32_1.0.0.202411081344/tools/bin/../lib/gcc/arm-none-eabi/13.3.1/thumb/v7e-m+fp/hard/crtbegin.o
                [!provide]                        PROVIDE (__fini_array_end = .)
                0x08004c90                        . = ALIGN (0x4)
                0x08004c90                        _sidata = LOADADDR (.data)

.rel.dyn        0x08004c90        0x0
 .rel.iplt      0x08004c90        0x0 C:/ST/STM32CubeIDE_1.19.0/STM32CubeIDE/plugins/com.st.stm32cube.ide.mcu.externaltools.gnu-tools-for-stm32.13.3.rel1.win32_1.0.0.202411081344/tools/bin/../lib/gcc/arm-none-eabi/13.3.1/thumb/v7e-m+fp/hard/crtbegin.o

.data           0x20000000       0x68 load address 0x08004c90
                0x20000000                        . = ALIGN (0x4)
                0x20000000                        _sdata = .
 *(.data)
 *(.data*)
 .data.SystemCoreClock
                0x20000000        0x4 ./Core/Src/system_stm32g4xx.o
                0x20000000                SystemCoreClock
 .data.uwTickPrio
                0x20000004        0x4 ./Drivers/STM32G4xx_HAL_Driver/Src/stm32g4xx_hal.o
                0x20000004                uwTickPrio
 .data.uwTickFreq
                0x20000008        0x4 ./Drivers/STM32G4xx_HAL_Driver/Src/stm32g4xx_hal.o
                0x20000008                uwTickFreq
 .data.__sglue  0x2000000c        0xc C:/ST/STM32CubeIDE_1.19.0/STM32CubeIDE/plugins/com.st.stm32cube.ide.mcu.externaltools.gnu-tools-for-stm32.13.3.rel1.win32_1.0.0.202411081344/tools/bin/../lib/gcc/arm-none-eabi/13.3.1/../../../../arm-none-eabi/lib/thumb/v7e-m+fp/hard\libc_nano.a(libc_a-findfp.o)
                0x2000000c                __sglue
 .data._impure_ptr
                0x20000018        0x4 C:/ST/STM32CubeIDE_1.19.0/STM32CubeIDE/plugins/com.st.stm32cube.ide.mcu.externaltools.gnu-tools-for-stm32.13.3.rel1.win32_1.0.0.202411081344/tools/bin/../lib/gcc/arm-none-eabi/13.3.1/../../../../arm-none-eabi/lib/thumb/v7e-m+fp/hard\libc_nano.a(libc_a-impure.o)
                0x20000018                _impure_ptr
 .data._impure_data
                0x2000001c       0x4c C:/ST/STM32CubeIDE_1.19.0/STM32CubeIDE/plugins/com.st.stm32cube.ide.mcu.externaltools.gnu-tools-for-stm32.13.3.rel1.win32_1.0.0.202411081344/tools/bin/../lib/gcc/arm-none-eabi/13.3.1/../../../../arm-none-eabi/lib/thumb/v7e-m+fp/hard\libc_nano.a(libc_a-impure.o)
                0x2000001c                _impure_data
 *(.RamFunc)
 *(.RamFunc*)
                0x20000068                        . = ALIGN (0x4)
                0x20000068                        _edata = .

.igot.plt       0x20000068        0x0 load address 0x08004cf8
 .igot.plt      0x20000068        0x0 C:/ST/STM32CubeIDE_1.19.0/STM32CubeIDE/plugins/com.st.stm32cube.ide.mcu.externaltools.gnu-tools-for-stm32.13.3.rel1.win32_1.0.0.202411081344/tools/bin/../lib/gcc/arm-none-eabi/13.3.1/thumb/v7e-m+fp/hard/crtbegin.o
                0x20000068                        . = ALIGN (0x4)

.bss            0x20000068      0x270 load address 0x08004cf8
                0x20000068                        _sbss = .
                0x20000068                        __bss_start__ = _sbss
 *(.bss)
 .bss           0x20000068       0x1c C:/ST/STM32CubeIDE_1.19.0/STM32CubeIDE/plugins/com.st.stm32cube.ide.mcu.externaltools.gnu-tools-for-stm32.13.3.rel1.win32_1.0.0.202411081344/tools/bin/../lib/gcc/arm-none-eabi/13.3.1/thumb/v7e-m+fp/hard/crtbegin.o
 *(.bss*)
 .bss.bm        0x20000084        0x4 ./Core/Src/main.o
                0x20000084                bm
 .bss.hspi1     0x20000088       0x64 ./Core/Src/spi.o
                0x20000088                hspi1
 .bss.__sbrk_heap_end
                0x200000ec        0x4 ./Core/Src/sysmem.o
 .bss.huart1    0x200000f0       0x94 ./Core/Src/usart.o
                0x200000f0                huart1
 .bss.uwTick    0x20000184        0x4 ./Drivers/STM32G4xx_HAL_Driver/Src/stm32g4xx_hal.o
                0x20000184                uwTick
 .bss._ZN12_GLOBAL__N_113__new_handlerE
                0x20000188        0x4 C:/ST/STM32CubeIDE_1.19.0/STM32CubeIDE/plugins/com.st.stm32cube.ide.mcu.externaltools.gnu-tools-for-stm32.13.3.rel1.win32_1.0.0.202411081344/tools/bin/../lib/gcc/arm-none-eabi/13.3.1/../../../../arm-none-eabi/lib/thumb/v7e-m+fp/hard\libstdc++_nano.a(new_handler.o)
 .bss.__malloc_sbrk_start
                0x2000018c        0x4 C:/ST/STM32CubeIDE_1.19.0/STM32CubeIDE/plugins/com.st.stm32cube.ide.mcu.externaltools.gnu-tools-for-stm32.13.3.rel1.win32_1.0.0.202411081344/tools/bin/../lib/gcc/arm-none-eabi/13.3.1/../../../../arm-none-eabi/lib/thumb/v7e-m+fp/hard\libc_nano.a(libc_a-mallocr.o)
                0x2000018c                __malloc_sbrk_start
 .bss.__malloc_free_list
                0x20000190        0x4 C:/ST/STM32CubeIDE_1.19.0/STM32CubeIDE/plugins/com.st.stm32cube.ide.mcu.externaltools.gnu-tools-for-stm32.13.3.rel1.win32_1.0.0.202411081344/tools/bin/../lib/gcc/arm-none-eabi/13.3.1/../../../../arm-none-eabi/lib/thumb/v7e-m+fp/hard\libc_nano.a(libc_a-mallocr.o)
                0x20000190                __malloc_free_list
 .bss.__sf      0x20000194      0x138 C:/ST/STM32CubeIDE_1.19.0/STM32CubeIDE/plugins/com.st.stm32cube.ide.mcu.externaltools.gnu-tools-for-stm32.13.3.rel1.win32_1.0.0.202411081344/tools/bin/../lib/gcc/arm-none-eabi/13.3.1/../../../../arm-none-eabi/lib/thumb/v7e-m+fp/hard\libc_nano.a(libc_a-findfp.o)
                0x20000194                __sf
 .bss.__stdio_exit_handler
                0x200002cc        0x4 C:/ST/STM32CubeIDE_1.19.0/STM32CubeIDE/plugins/com.st.stm32cube.ide.mcu.externaltools.gnu-tools-for-stm32.13.3.rel1.win32_1.0.0.202411081344/tools/bin/../lib/gcc/arm-none-eabi/13.3.1/../../../../arm-none-eabi/lib/thumb/v7e-m+fp/hard\libc_nano.a(libc_a-findfp.o)
                0x200002cc                __stdio_exit_handler
 .bss.errno     0x200002d0        0x4 C:/ST/STM32CubeIDE_1.19.0/STM32CubeIDE/plugins/com.st.stm32cube.ide.mcu.externaltools.gnu-tools-for-stm32.13.3.rel1.win32_1.0.0.202411081344/tools/bin/../lib/gcc/arm-none-eabi/13.3.1/../../../../arm-none-eabi/lib/thumb/v7e-m+fp/hard\libc_nano.a(libc_a-reent.o)
                0x200002d0                errno
 .bss.__lock___malloc_recursive_mutex
                0x200002d4        0x1 C:/ST/STM32CubeIDE_1.19.0/STM32CubeIDE/plugins/com.st.stm32cube.ide.mcu.externaltools.gnu-tools-for-stm32.13.3.rel1.win32_1.0.0.202411081344/tools/bin/../lib/gcc/arm-none-eabi/13.3.1/../../../../arm-none-eabi/lib/thumb/v7e-m+fp/hard\libc_nano.a(libc_a-lock.o)
                0x200002d4                __lock___malloc_recursive_mutex
 .bss.__lock___sfp_recursive_mutex
                0x200002d5        0x1 C:/ST/STM32CubeIDE_1.19.0/STM32CubeIDE/plugins/com.st.stm32cube.ide.mcu.externaltools.gnu-tools-for-stm32.13.3.rel1.win32_1.0.0.202411081344/tools/bin/../lib/gcc/arm-none-eabi/13.3.1/../../../../arm-none-eabi/lib/thumb/v7e-m+fp/hard\libc_nano.a(libc_a-lock.o)
                0x200002d5                __lock___sfp_recursive_mutex
 *(COMMON)
                0x200002d8                        . = ALIGN (0x4)
 *fill*         0x200002d6        0x2 
                0x200002d8                        _ebss = .
                0x200002d8                        __bss_end__ = _ebss

._user_heap_stack
                0x200002d8      0x600 load address 0x08004cf8
                0x200002d8                        . = ALIGN (0x8)
                [!provide]                        PROVIDE (end = .)
                0x200002d8                        PROVIDE (_end = .)
                0x200004d8                        . = (. + _Min_Heap_Size)
 *fill*         0x200002d8      0x200 
                0x200008d8                        . = (. + _Min_Stack_Size)
 *fill*         0x200004d8      0x400 
                0x200008d8                        . = ALIGN (0x8)

/DISCARD/
 libc.a(*)
 libm.a(*)
 libgcc.a(*)

.ARM.attributes
                0x00000000       0x30
 *(.ARM.attributes)
 .ARM.attributes
                0x00000000       0x22 C:/ST/STM32CubeIDE_1.19.0/STM32CubeIDE/plugins/com.st.stm32cube.ide.mcu.externaltools.gnu-tools-for-stm32.13.3.rel1.win32_1.0.0.202411081344/tools/bin/../lib/gcc/arm-none-eabi/13.3.1/thumb/v7e-m+fp/hard/crti.o
 .ARM.attributes
                0x00000022       0x34 C:/ST/STM32CubeIDE_1.19.0/STM32CubeIDE/plugins/com.st.stm32cube.ide.mcu.externaltools.gnu-tools-for-stm32.13.3.rel1.win32_1.0.0.202411081344/tools/bin/../lib/gcc/arm-none-eabi/13.3.1/thumb/v7e-m+fp/hard/crtbegin.o
 .ARM.attributes
                0x00000056       0x34 ./Core/Src/BoardManager.o
 .ARM.attributes
                0x0000008a       0x34 ./Core/Src/IOPin.o
 .ARM.attributes
                0x000000be       0x34 ./Core/Src/SPIDevice.o
 .ARM.attributes
                0x000000f2       0x34 ./Core/Src/SPIDriver.o
 .ARM.attributes
                0x00000126       0x34 ./Core/Src/Wrapper.o
 .ARM.attributes
                0x0000015a       0x34 ./Core/Src/gpio.o
 .ARM.attributes
                0x0000018e       0x34 ./Core/Src/main.o
 .ARM.attributes
                0x000001c2       0x34 ./Core/Src/spi.o
 .ARM.attributes
                0x000001f6       0x34 ./Core/Src/stm32g4xx_hal_msp.o
 .ARM.attributes
                0x0000022a       0x34 ./Core/Src/stm32g4xx_it.o
 .ARM.attributes
                0x0000025e       0x34 ./Core/Src/sx1276.o
 .ARM.attributes
                0x00000292       0x34 ./Core/Src/syscalls.o
 .ARM.attributes
                0x000002c6       0x34 ./Core/Src/sysmem.o
 .ARM.attributes
                0x000002fa       0x34 ./Core/Src/system_stm32g4xx.o
 .ARM.attributes
                0x0000032e       0x34 ./Core/Src/usart.o
 .ARM.attributes
                0x00000362       0x21 ./Core/Startup/startup_stm32g491retx.o
 .ARM.attributes
                0x00000383       0x34 ./Drivers/STM32G4xx_HAL_Driver/Src/stm32g4xx_hal.o
 .ARM.attributes
                0x000003b7       0x34 ./Drivers/STM32G4xx_HAL_Driver/Src/stm32g4xx_hal_cortex.o
 .ARM.attributes
                0x000003eb       0x34 ./Drivers/STM32G4xx_HAL_Driver/Src/stm32g4xx_hal_gpio.o
 .ARM.attributes
                0x0000041f       0x34 ./Drivers/STM32G4xx_HAL_Driver/Src/stm32g4xx_hal_pwr_ex.o
 .ARM.attributes
                0x00000453       0x34 ./Drivers/STM32G4xx_HAL_Driver/Src/stm32g4xx_hal_rcc.o
 .ARM.attributes
                0x00000487       0x34 ./Drivers/STM32G4xx_HAL_Driver/Src/stm32g4xx_hal_rcc_ex.o
 .ARM.attributes
                0x000004bb       0x34 ./Drivers/STM32G4xx_HAL_Driver/Src/stm32g4xx_hal_spi.o
 .ARM.attributes
                0x000004ef       0x34 ./Drivers/STM32G4xx_HAL_Driver/Src/stm32g4xx_hal_uart.o
 .ARM.attributes
                0x00000523       0x34 ./Drivers/STM32G4xx_HAL_Driver/Src/stm32g4xx_hal_uart_ex.o
 .ARM.attributes
                0x00000557       0x34 C:/ST/STM32CubeIDE_1.19.0/STM32CubeIDE/plugins/com.st.stm32cube.ide.mcu.externaltools.gnu-tools-for-stm32.13.3.rel1.win32_1.0.0.202411081344/tools/bin/../lib/gcc/arm-none-eabi/13.3.1/../../../../arm-none-eabi/lib/thumb/v7e-m+fp/hard\libstdc++_nano.a(new_op.o)
 .ARM.attributes
                0x0000058b       0x34 C:/ST/STM32CubeIDE_1.19.0/STM32CubeIDE/plugins/com.st.stm32cube.ide.mcu.externaltools.gnu-tools-for-stm32.13.3.rel1.win32_1.0.0.202411081344/tools/bin/../lib/gcc/arm-none-eabi/13.3.1/../../../../arm-none-eabi/lib/thumb/v7e-m+fp/hard\libstdc++_nano.a(new_handler.o)
 .ARM.attributes
                0x000005bf       0x34 C:/ST/STM32CubeIDE_1.19.0/STM32CubeIDE/plugins/com.st.stm32cube.ide.mcu.externaltools.gnu-tools-for-stm32.13.3.rel1.win32_1.0.0.202411081344/tools/bin/../lib/gcc/arm-none-eabi/13.3.1/../../../../arm-none-eabi/lib/thumb/v7e-m+fp/hard\libc_nano.a(libc_a-abort.o)
 .ARM.attributes
                0x000005f3       0x34 C:/ST/STM32CubeIDE_1.19.0/STM32CubeIDE/plugins/com.st.stm32cube.ide.mcu.externaltools.gnu-tools-for-stm32.13.3.rel1.win32_1.0.0.202411081344/tools/bin/../lib/gcc/arm-none-eabi/13.3.1/../../../../arm-none-eabi/lib/thumb/v7e-m+fp/hard\libc_nano.a(libc_a-malloc.o)
 .ARM.attributes
                0x00000627       0x34 C:/ST/STM32CubeIDE_1.19.0/STM32CubeIDE/plugins/com.st.stm32cube.ide.mcu.externaltools.gnu-tools-for-stm32.13.3.rel1.win32_1.0.0.202411081344/tools/bin/../lib/gcc/arm-none-eabi/13.3.1/../../../../arm-none-eabi/lib/thumb/v7e-m+fp/hard\libc_nano.a(libc_a-mallocr.o)
 .ARM.attributes
                0x0000065b       0x34 C:/ST/STM32CubeIDE_1.19.0/STM32CubeIDE/plugins/com.st.stm32cube.ide.mcu.externaltools.gnu-tools-for-stm32.13.3.rel1.win32_1.0.0.202411081344/tools/bin/../lib/gcc/arm-none-eabi/13.3.1/../../../../arm-none-eabi/lib/thumb/v7e-m+fp/hard\libc_nano.a(libc_a-mlock.o)
 .ARM.attributes
                0x0000068f       0x34 C:/ST/STM32CubeIDE_1.19.0/STM32CubeIDE/plugins/com.st.stm32cube.ide.mcu.externaltools.gnu-tools-for-stm32.13.3.rel1.win32_1.0.0.202411081344/tools/bin/../lib/gcc/arm-none-eabi/13.3.1/../../../../arm-none-eabi/lib/thumb/v7e-m+fp/hard\libc_nano.a(libc_a-findfp.o)
 .ARM.attributes
                0x000006c3       0x34 C:/ST/STM32CubeIDE_1.19.0/STM32CubeIDE/plugins/com.st.stm32cube.ide.mcu.externaltools.gnu-tools-for-stm32.13.3.rel1.win32_1.0.0.202411081344/tools/bin/../lib/gcc/arm-none-eabi/13.3.1/../../../../arm-none-eabi/lib/thumb/v7e-m+fp/hard\libc_nano.a(libc_a-fwalk.o)
 .ARM.attributes
                0x000006f7       0x34 C:/ST/STM32CubeIDE_1.19.0/STM32CubeIDE/plugins/com.st.stm32cube.ide.mcu.externaltools.gnu-tools-for-stm32.13.3.rel1.win32_1.0.0.202411081344/tools/bin/../lib/gcc/arm-none-eabi/13.3.1/../../../../arm-none-eabi/lib/thumb/v7e-m+fp/hard\libc_nano.a(libc_a-puts.o)
 .ARM.attributes
                0x0000072b       0x34 C:/ST/STM32CubeIDE_1.19.0/STM32CubeIDE/plugins/com.st.stm32cube.ide.mcu.externaltools.gnu-tools-for-stm32.13.3.rel1.win32_1.0.0.202411081344/tools/bin/../lib/gcc/arm-none-eabi/13.3.1/../../../../arm-none-eabi/lib/thumb/v7e-m+fp/hard\libc_nano.a(libc_a-stdio.o)
 .ARM.attributes
                0x0000075f       0x34 C:/ST/STM32CubeIDE_1.19.0/STM32CubeIDE/plugins/com.st.stm32cube.ide.mcu.externaltools.gnu-tools-for-stm32.13.3.rel1.win32_1.0.0.202411081344/tools/bin/../lib/gcc/arm-none-eabi/13.3.1/../../../../arm-none-eabi/lib/thumb/v7e-m+fp/hard\libc_nano.a(libc_a-wbuf.o)
 .ARM.attributes
                0x00000793       0x34 C:/ST/STM32CubeIDE_1.19.0/STM32CubeIDE/plugins/com.st.stm32cube.ide.mcu.externaltools.gnu-tools-for-stm32.13.3.rel1.win32_1.0.0.202411081344/tools/bin/../lib/gcc/arm-none-eabi/13.3.1/../../../../arm-none-eabi/lib/thumb/v7e-m+fp/hard\libc_nano.a(libc_a-wsetup.o)
 .ARM.attributes
                0x000007c7       0x34 C:/ST/STM32CubeIDE_1.19.0/STM32CubeIDE/plugins/com.st.stm32cube.ide.mcu.externaltools.gnu-tools-for-stm32.13.3.rel1.win32_1.0.0.202411081344/tools/bin/../lib/gcc/arm-none-eabi/13.3.1/../../../../arm-none-eabi/lib/thumb/v7e-m+fp/hard\libc_nano.a(libc_a-memset.o)
 .ARM.attributes
                0x000007fb       0x34 C:/ST/STM32CubeIDE_1.19.0/STM32CubeIDE/plugins/com.st.stm32cube.ide.mcu.externaltools.gnu-tools-for-stm32.13.3.rel1.win32_1.0.0.202411081344/tools/bin/../lib/gcc/arm-none-eabi/13.3.1/../../../../arm-none-eabi/lib/thumb/v7e-m+fp/hard\libc_nano.a(libc_a-signal.o)
 .ARM.attributes
                0x0000082f       0x34 C:/ST/STM32CubeIDE_1.19.0/STM32CubeIDE/plugins/com.st.stm32cube.ide.mcu.externaltools.gnu-tools-for-stm32.13.3.rel1.win32_1.0.0.202411081344/tools/bin/../lib/gcc/arm-none-eabi/13.3.1/../../../../arm-none-eabi/lib/thumb/v7e-m+fp/hard\libc_nano.a(libc_a-closer.o)
 .ARM.attributes
                0x00000863       0x34 C:/ST/STM32CubeIDE_1.19.0/STM32CubeIDE/plugins/com.st.stm32cube.ide.mcu.externaltools.gnu-tools-for-stm32.13.3.rel1.win32_1.0.0.202411081344/tools/bin/../lib/gcc/arm-none-eabi/13.3.1/../../../../arm-none-eabi/lib/thumb/v7e-m+fp/hard\libc_nano.a(libc_a-reent.o)
 .ARM.attributes
                0x00000897       0x34 C:/ST/STM32CubeIDE_1.19.0/STM32CubeIDE/plugins/com.st.stm32cube.ide.mcu.externaltools.gnu-tools-for-stm32.13.3.rel1.win32_1.0.0.202411081344/tools/bin/../lib/gcc/arm-none-eabi/13.3.1/../../../../arm-none-eabi/lib/thumb/v7e-m+fp/hard\libc_nano.a(libc_a-impure.o)
 .ARM.attributes
                0x000008cb       0x34 C:/ST/STM32CubeIDE_1.19.0/STM32CubeIDE/plugins/com.st.stm32cube.ide.mcu.externaltools.gnu-tools-for-stm32.13.3.rel1.win32_1.0.0.202411081344/tools/bin/../lib/gcc/arm-none-eabi/13.3.1/../../../../arm-none-eabi/lib/thumb/v7e-m+fp/hard\libc_nano.a(libc_a-lseekr.o)
 .ARM.attributes
                0x000008ff       0x34 C:/ST/STM32CubeIDE_1.19.0/STM32CubeIDE/plugins/com.st.stm32cube.ide.mcu.externaltools.gnu-tools-for-stm32.13.3.rel1.win32_1.0.0.202411081344/tools/bin/../lib/gcc/arm-none-eabi/13.3.1/../../../../arm-none-eabi/lib/thumb/v7e-m+fp/hard\libc_nano.a(libc_a-readr.o)
 .ARM.attributes
                0x00000933       0x34 C:/ST/STM32CubeIDE_1.19.0/STM32CubeIDE/plugins/com.st.stm32cube.ide.mcu.externaltools.gnu-tools-for-stm32.13.3.rel1.win32_1.0.0.202411081344/tools/bin/../lib/gcc/arm-none-eabi/13.3.1/../../../../arm-none-eabi/lib/thumb/v7e-m+fp/hard\libc_nano.a(libc_a-signalr.o)
 .ARM.attributes
                0x00000967       0x34 C:/ST/STM32CubeIDE_1.19.0/STM32CubeIDE/plugins/com.st.stm32cube.ide.mcu.externaltools.gnu-tools-for-stm32.13.3.rel1.win32_1.0.0.202411081344/tools/bin/../lib/gcc/arm-none-eabi/13.3.1/../../../../arm-none-eabi/lib/thumb/v7e-m+fp/hard\libc_nano.a(libc_a-sbrkr.o)
 .ARM.attributes
                0x0000099b       0x34 C:/ST/STM32CubeIDE_1.19.0/STM32CubeIDE/plugins/com.st.stm32cube.ide.mcu.externaltools.gnu-tools-for-stm32.13.3.rel1.win32_1.0.0.202411081344/tools/bin/../lib/gcc/arm-none-eabi/13.3.1/../../../../arm-none-eabi/lib/thumb/v7e-m+fp/hard\libc_nano.a(libc_a-writer.o)
 .ARM.attributes
                0x000009cf       0x34 C:/ST/STM32CubeIDE_1.19.0/STM32CubeIDE/plugins/com.st.stm32cube.ide.mcu.externaltools.gnu-tools-for-stm32.13.3.rel1.win32_1.0.0.202411081344/tools/bin/../lib/gcc/arm-none-eabi/13.3.1/../../../../arm-none-eabi/lib/thumb/v7e-m+fp/hard\libc_nano.a(libc_a-errno.o)
 .ARM.attributes
                0x00000a03       0x34 C:/ST/STM32CubeIDE_1.19.0/STM32CubeIDE/plugins/com.st.stm32cube.ide.mcu.externaltools.gnu-tools-for-stm32.13.3.rel1.win32_1.0.0.202411081344/tools/bin/../lib/gcc/arm-none-eabi/13.3.1/../../../../arm-none-eabi/lib/thumb/v7e-m+fp/hard\libc_nano.a(libc_a-init.o)
 .ARM.attributes
                0x00000a37       0x34 C:/ST/STM32CubeIDE_1.19.0/STM32CubeIDE/plugins/com.st.stm32cube.ide.mcu.externaltools.gnu-tools-for-stm32.13.3.rel1.win32_1.0.0.202411081344/tools/bin/../lib/gcc/arm-none-eabi/13.3.1/../../../../arm-none-eabi/lib/thumb/v7e-m+fp/hard\libc_nano.a(libc_a-lock.o)
 .ARM.attributes
                0x00000a6b       0x34 C:/ST/STM32CubeIDE_1.19.0/STM32CubeIDE/plugins/com.st.stm32cube.ide.mcu.externaltools.gnu-tools-for-stm32.13.3.rel1.win32_1.0.0.202411081344/tools/bin/../lib/gcc/arm-none-eabi/13.3.1/../../../../arm-none-eabi/lib/thumb/v7e-m+fp/hard\libc_nano.a(libc_a-memcpy-stub.o)
 .ARM.attributes
                0x00000a9f       0x34 C:/ST/STM32CubeIDE_1.19.0/STM32CubeIDE/plugins/com.st.stm32cube.ide.mcu.externaltools.gnu-tools-for-stm32.13.3.rel1.win32_1.0.0.202411081344/tools/bin/../lib/gcc/arm-none-eabi/13.3.1/../../../../arm-none-eabi/lib/thumb/v7e-m+fp/hard\libc_nano.a(libc_a-freer.o)
 .ARM.attributes
                0x00000ad3       0x34 C:/ST/STM32CubeIDE_1.19.0/STM32CubeIDE/plugins/com.st.stm32cube.ide.mcu.externaltools.gnu-tools-for-stm32.13.3.rel1.win32_1.0.0.202411081344/tools/bin/../lib/gcc/arm-none-eabi/13.3.1/../../../../arm-none-eabi/lib/thumb/v7e-m+fp/hard\libc_nano.a(libc_a-fflush.o)
 .ARM.attributes
                0x00000b07       0x34 C:/ST/STM32CubeIDE_1.19.0/STM32CubeIDE/plugins/com.st.stm32cube.ide.mcu.externaltools.gnu-tools-for-stm32.13.3.rel1.win32_1.0.0.202411081344/tools/bin/../lib/gcc/arm-none-eabi/13.3.1/../../../../arm-none-eabi/lib/thumb/v7e-m+fp/hard\libc_nano.a(libc_a-makebuf.o)
 .ARM.attributes
                0x00000b3b       0x34 C:/ST/STM32CubeIDE_1.19.0/STM32CubeIDE/plugins/com.st.stm32cube.ide.mcu.externaltools.gnu-tools-for-stm32.13.3.rel1.win32_1.0.0.202411081344/tools/bin/../lib/gcc/arm-none-eabi/13.3.1/../../../../arm-none-eabi/lib/thumb/v7e-m+fp/hard\libc_nano.a(libc_a-fstatr.o)
 .ARM.attributes
                0x00000b6f       0x34 C:/ST/STM32CubeIDE_1.19.0/STM32CubeIDE/plugins/com.st.stm32cube.ide.mcu.externaltools.gnu-tools-for-stm32.13.3.rel1.win32_1.0.0.202411081344/tools/bin/../lib/gcc/arm-none-eabi/13.3.1/../../../../arm-none-eabi/lib/thumb/v7e-m+fp/hard\libc_nano.a(libc_a-isattyr.o)
 .ARM.attributes
                0x00000ba3       0x22 C:/ST/STM32CubeIDE_1.19.0/STM32CubeIDE/plugins/com.st.stm32cube.ide.mcu.externaltools.gnu-tools-for-stm32.13.3.rel1.win32_1.0.0.202411081344/tools/bin/../lib/gcc/arm-none-eabi/13.3.1/thumb/v7e-m+fp/hard\libgcc.a(_aeabi_uldivmod.o)
 .ARM.attributes
                0x00000bc5       0x34 C:/ST/STM32CubeIDE_1.19.0/STM32CubeIDE/plugins/com.st.stm32cube.ide.mcu.externaltools.gnu-tools-for-stm32.13.3.rel1.win32_1.0.0.202411081344/tools/bin/../lib/gcc/arm-none-eabi/13.3.1/thumb/v7e-m+fp/hard\libgcc.a(_udivmoddi4.o)
 .ARM.attributes
                0x00000bf9       0x22 C:/ST/STM32CubeIDE_1.19.0/STM32CubeIDE/plugins/com.st.stm32cube.ide.mcu.externaltools.gnu-tools-for-stm32.13.3.rel1.win32_1.0.0.202411081344/tools/bin/../lib/gcc/arm-none-eabi/13.3.1/thumb/v7e-m+fp/hard\libgcc.a(_dvmd_tls.o)
 .ARM.attributes
                0x00000c1b       0x22 C:/ST/STM32CubeIDE_1.19.0/STM32CubeIDE/plugins/com.st.stm32cube.ide.mcu.externaltools.gnu-tools-for-stm32.13.3.rel1.win32_1.0.0.202411081344/tools/bin/../lib/gcc/arm-none-eabi/13.3.1/thumb/v7e-m+fp/hard/crtn.o
OUTPUT(Live_Telemetry.elf elf32-littlearm)
LOAD linker stubs
LOAD C:/ST/STM32CubeIDE_1.19.0/STM32CubeIDE/plugins/com.st.stm32cube.ide.mcu.externaltools.gnu-tools-for-stm32.13.3.rel1.win32_1.0.0.202411081344/tools/bin/../lib/gcc/arm-none-eabi/13.3.1/../../../../arm-none-eabi/lib/thumb/v7e-m+fp/hard\libc.a
LOAD C:/ST/STM32CubeIDE_1.19.0/STM32CubeIDE/plugins/com.st.stm32cube.ide.mcu.externaltools.gnu-tools-for-stm32.13.3.rel1.win32_1.0.0.202411081344/tools/bin/../lib/gcc/arm-none-eabi/13.3.1/../../../../arm-none-eabi/lib/thumb/v7e-m+fp/hard\libm.a
LOAD C:/ST/STM32CubeIDE_1.19.0/STM32CubeIDE/plugins/com.st.stm32cube.ide.mcu.externaltools.gnu-tools-for-stm32.13.3.rel1.win32_1.0.0.202411081344/tools/bin/../lib/gcc/arm-none-eabi/13.3.1/thumb/v7e-m+fp/hard\libgcc.a

.debug_info     0x00000000    0x1488d
 .debug_info    0x00000000     0x17f1 ./Core/Src/BoardManager.o
 .debug_info    0x000017f1      0x3d6 ./Core/Src/IOPin.o
 .debug_info    0x00001bc7      0xc1e ./Core/Src/SPIDevice.o
 .debug_info    0x000027e5      0xb82 ./Core/Src/SPIDriver.o
 .debug_info    0x00003367      0xe2d ./Core/Src/Wrapper.o
 .debug_info    0x00004194      0x6db ./Core/Src/gpio.o
 .debug_info    0x0000486f      0x35d ./Core/Src/main.o
 .debug_info    0x00004bcc      0xafb ./Core/Src/spi.o
 .debug_info    0x000056c7      0x2da ./Core/Src/stm32g4xx_hal_msp.o
 .debug_info    0x000059a1      0x14c ./Core/Src/stm32g4xx_it.o
 .debug_info    0x00005aed     0x1af3 ./Core/Src/sx1276.o
 .debug_info    0x000075e0      0xde9 ./Core/Src/syscalls.o
 .debug_info    0x000083c9      0x168 ./Core/Src/sysmem.o
 .debug_info    0x00008531      0x58e ./Core/Src/system_stm32g4xx.o
 .debug_info    0x00008abf      0xd9f ./Core/Src/usart.o
 .debug_info    0x0000985e       0x30 ./Core/Startup/startup_stm32g491retx.o
 .debug_info    0x0000988e      0xb29 ./Drivers/STM32G4xx_HAL_Driver/Src/stm32g4xx_hal.o
 .debug_info    0x0000a3b7      0xd8d ./Drivers/STM32G4xx_HAL_Driver/Src/stm32g4xx_hal_cortex.o
 .debug_info    0x0000b144      0x772 ./Drivers/STM32G4xx_HAL_Driver/Src/stm32g4xx_hal_gpio.o
 .debug_info    0x0000b8b6      0x944 ./Drivers/STM32G4xx_HAL_Driver/Src/stm32g4xx_hal_pwr_ex.o
 .debug_info    0x0000c1fa      0xb9b ./Drivers/STM32G4xx_HAL_Driver/Src/stm32g4xx_hal_rcc.o
 .debug_info    0x0000cd95      0xc51 ./Drivers/STM32G4xx_HAL_Driver/Src/stm32g4xx_hal_rcc_ex.o
 .debug_info    0x0000d9e6     0x1677 ./Drivers/STM32G4xx_HAL_Driver/Src/stm32g4xx_hal_spi.o
 .debug_info    0x0000f05d     0x4854 ./Drivers/STM32G4xx_HAL_Driver/Src/stm32g4xx_hal_uart.o
 .debug_info    0x000138b1      0xfdc ./Drivers/STM32G4xx_HAL_Driver/Src/stm32g4xx_hal_uart_ex.o

.debug_abbrev   0x00000000     0x3388
 .debug_abbrev  0x00000000      0x311 ./Core/Src/BoardManager.o
 .debug_abbrev  0x00000311      0x225 ./Core/Src/IOPin.o
 .debug_abbrev  0x00000536      0x24e ./Core/Src/SPIDevice.o
 .debug_abbrev  0x00000784      0x22d ./Core/Src/SPIDriver.o
 .debug_abbrev  0x000009b1      0x278 ./Core/Src/Wrapper.o
 .debug_abbrev  0x00000c29      0x162 ./Core/Src/gpio.o
 .debug_abbrev  0x00000d8b      0x1ca ./Core/Src/main.o
 .debug_abbrev  0x00000f55      0x1f6 ./Core/Src/spi.o
 .debug_abbrev  0x0000114b       0xd9 ./Core/Src/stm32g4xx_hal_msp.o
 .debug_abbrev  0x00001224       0xa0 ./Core/Src/stm32g4xx_it.o
 .debug_abbrev  0x000012c4      0x37f ./Core/Src/sx1276.o
 .debug_abbrev  0x00001643      0x256 ./Core/Src/syscalls.o
 .debug_abbrev  0x00001899       0xbc ./Core/Src/sysmem.o
 .debug_abbrev  0x00001955      0x11a ./Core/Src/system_stm32g4xx.o
 .debug_abbrev  0x00001a6f      0x20d ./Core/Src/usart.o
 .debug_abbrev  0x00001c7c       0x24 ./Core/Startup/startup_stm32g491retx.o
 .debug_abbrev  0x00001ca0      0x271 ./Drivers/STM32G4xx_HAL_Driver/Src/stm32g4xx_hal.o
 .debug_abbrev  0x00001f11      0x31c ./Drivers/STM32G4xx_HAL_Driver/Src/stm32g4xx_hal_cortex.o
 .debug_abbrev  0x0000222d      0x1d2 ./Drivers/STM32G4xx_HAL_Driver/Src/stm32g4xx_hal_gpio.o
 .debug_abbrev  0x000023ff      0x22c ./Drivers/STM32G4xx_HAL_Driver/Src/stm32g4xx_hal_pwr_ex.o
 .debug_abbrev  0x0000262b      0x2c9 ./Drivers/STM32G4xx_HAL_Driver/Src/stm32g4xx_hal_rcc.o
 .debug_abbrev  0x000028f4      0x261 ./Drivers/STM32G4xx_HAL_Driver/Src/stm32g4xx_hal_rcc_ex.o
 .debug_abbrev  0x00002b55      0x25d ./Drivers/STM32G4xx_HAL_Driver/Src/stm32g4xx_hal_spi.o
 .debug_abbrev  0x00002db2      0x304 ./Drivers/STM32G4xx_HAL_Driver/Src/stm32g4xx_hal_uart.o
 .debug_abbrev  0x000030b6      0x2d2 ./Drivers/STM32G4xx_HAL_Driver/Src/stm32g4xx_hal_uart_ex.o

.debug_aranges  0x00000000      0xde8
 .debug_aranges
                0x00000000       0x38 ./Core/Src/BoardManager.o
 .debug_aranges
                0x00000038       0x40 ./Core/Src/IOPin.o
 .debug_aranges
                0x00000078       0x38 ./Core/Src/SPIDevice.o
 .debug_aranges
                0x000000b0       0x50 ./Core/Src/SPIDriver.o
 .debug_aranges
                0x00000100       0x30 ./Core/Src/Wrapper.o
 .debug_aranges
                0x00000130       0x20 ./Core/Src/gpio.o
 .debug_aranges
                0x00000150       0x30 ./Core/Src/main.o
 .debug_aranges
                0x00000180       0x30 ./Core/Src/spi.o
 .debug_aranges
                0x000001b0       0x20 ./Core/Src/stm32g4xx_hal_msp.o
 .debug_aranges
                0x000001d0       0x68 ./Core/Src/stm32g4xx_it.o
 .debug_aranges
                0x00000238       0x50 ./Core/Src/sx1276.o
 .debug_aranges
                0x00000288       0xa8 ./Core/Src/syscalls.o
 .debug_aranges
                0x00000330       0x20 ./Core/Src/sysmem.o
 .debug_aranges
                0x00000350       0x28 ./Core/Src/system_stm32g4xx.o
 .debug_aranges
                0x00000378       0x30 ./Core/Src/usart.o
 .debug_aranges
                0x000003a8       0x28 ./Core/Startup/startup_stm32g491retx.o
 .debug_aranges
                0x000003d0      0x148 ./Drivers/STM32G4xx_HAL_Driver/Src/stm32g4xx_hal.o
 .debug_aranges
                0x00000518      0x128 ./Drivers/STM32G4xx_HAL_Driver/Src/stm32g4xx_hal_cortex.o
 .debug_aranges
                0x00000640       0x58 ./Drivers/STM32G4xx_HAL_Driver/Src/stm32g4xx_hal_gpio.o
 .debug_aranges
                0x00000698      0x140 ./Drivers/STM32G4xx_HAL_Driver/Src/stm32g4xx_hal_pwr_ex.o
 .debug_aranges
                0x000007d8       0x98 ./Drivers/STM32G4xx_HAL_Driver/Src/stm32g4xx_hal_rcc.o
 .debug_aranges
                0x00000870       0xb0 ./Drivers/STM32G4xx_HAL_Driver/Src/stm32g4xx_hal_rcc_ex.o
 .debug_aranges
                0x00000920      0x1d8 ./Drivers/STM32G4xx_HAL_Driver/Src/stm32g4xx_hal_spi.o
 .debug_aranges
                0x00000af8      0x248 ./Drivers/STM32G4xx_HAL_Driver/Src/stm32g4xx_hal_uart.o
 .debug_aranges
                0x00000d40       0xa8 ./Drivers/STM32G4xx_HAL_Driver/Src/stm32g4xx_hal_uart_ex.o

.debug_rnglists
                0x00000000      0xa7a
 .debug_rnglists
                0x00000000       0x25 ./Core/Src/BoardManager.o
 .debug_rnglists
                0x00000025       0x2b ./Core/Src/IOPin.o
 .debug_rnglists
                0x00000050       0x25 ./Core/Src/SPIDevice.o
 .debug_rnglists
                0x00000075       0x37 ./Core/Src/SPIDriver.o
 .debug_rnglists
                0x000000ac       0x1f ./Core/Src/Wrapper.o
 .debug_rnglists
                0x000000cb       0x14 ./Core/Src/gpio.o
 .debug_rnglists
                0x000000df       0x20 ./Core/Src/main.o
 .debug_rnglists
                0x000000ff       0x20 ./Core/Src/spi.o
 .debug_rnglists
                0x0000011f       0x13 ./Core/Src/stm32g4xx_hal_msp.o
 .debug_rnglists
                0x00000132       0x49 ./Core/Src/stm32g4xx_it.o
 .debug_rnglists
                0x0000017b       0x3b ./Core/Src/sx1276.o
 .debug_rnglists
                0x000001b6       0x79 ./Core/Src/syscalls.o
 .debug_rnglists
                0x0000022f       0x13 ./Core/Src/sysmem.o
 .debug_rnglists
                0x00000242       0x1a ./Core/Src/system_stm32g4xx.o
 .debug_rnglists
                0x0000025c       0x21 ./Core/Src/usart.o
 .debug_rnglists
                0x0000027d       0x19 ./Core/Startup/startup_stm32g491retx.o
 .debug_rnglists
                0x00000296       0xf1 ./Drivers/STM32G4xx_HAL_Driver/Src/stm32g4xx_hal.o
 .debug_rnglists
                0x00000387       0xda ./Drivers/STM32G4xx_HAL_Driver/Src/stm32g4xx_hal_cortex.o
 .debug_rnglists
                0x00000461       0x3f ./Drivers/STM32G4xx_HAL_Driver/Src/stm32g4xx_hal_gpio.o
 .debug_rnglists
                0x000004a0       0xf1 ./Drivers/STM32G4xx_HAL_Driver/Src/stm32g4xx_hal_pwr_ex.o
 .debug_rnglists
                0x00000591       0x74 ./Drivers/STM32G4xx_HAL_Driver/Src/stm32g4xx_hal_rcc.o
 .debug_rnglists
                0x00000605       0x87 ./Drivers/STM32G4xx_HAL_Driver/Src/stm32g4xx_hal_rcc_ex.o
 .debug_rnglists
                0x0000068c      0x178 ./Drivers/STM32G4xx_HAL_Driver/Src/stm32g4xx_hal_spi.o
 .debug_rnglists
                0x00000804      0x1f7 ./Drivers/STM32G4xx_HAL_Driver/Src/stm32g4xx_hal_uart.o
 .debug_rnglists
                0x000009fb       0x7f ./Drivers/STM32G4xx_HAL_Driver/Src/stm32g4xx_hal_uart_ex.o

.debug_macro    0x00000000    0x232d1
 .debug_macro   0x00000000      0x32c ./Core/Src/BoardManager.o
 .debug_macro   0x0000032c      0xbb0 ./Core/Src/BoardManager.o
 .debug_macro   0x00000edc      0x15b ./Core/Src/BoardManager.o
 .debug_macro   0x00001037       0x2e ./Core/Src/BoardManager.o
 .debug_macro   0x00001065       0x28 ./Core/Src/BoardManager.o
 .debug_macro   0x0000108d       0x1c ./Core/Src/BoardManager.o
 .debug_macro   0x000010a9       0x22 ./Core/Src/BoardManager.o
 .debug_macro   0x000010cb       0x8e ./Core/Src/BoardManager.o
 .debug_macro   0x00001159       0x51 ./Core/Src/BoardManager.o
 .debug_macro   0x000011aa      0x103 ./Core/Src/BoardManager.o
 .debug_macro   0x000012ad       0x6a ./Core/Src/BoardManager.o
 .debug_macro   0x00001317      0x1df ./Core/Src/BoardManager.o
 .debug_macro   0x000014f6       0x1c ./Core/Src/BoardManager.o
 .debug_macro   0x00001512       0x22 ./Core/Src/BoardManager.o
 .debug_macro   0x00001534       0xfb ./Core/Src/BoardManager.o
 .debug_macro   0x0000162f     0x1011 ./Core/Src/BoardManager.o
 .debug_macro   0x00002640      0x11f ./Core/Src/BoardManager.o
 .debug_macro   0x0000275f    0x11e7f ./Core/Src/BoardManager.o
 .debug_macro   0x000145de       0x6d ./Core/Src/BoardManager.o
 .debug_macro   0x0001464b     0x3558 ./Core/Src/BoardManager.o
 .debug_macro   0x00017ba3      0x197 ./Core/Src/BoardManager.o
 .debug_macro   0x00017d3a       0x5c ./Core/Src/BoardManager.o
 .debug_macro   0x00017d96     0x1535 ./Core/Src/BoardManager.o
 .debug_macro   0x000192cb      0x5cf ./Core/Src/BoardManager.o
 .debug_macro   0x0001989a      0x1b6 ./Core/Src/BoardManager.o
 .debug_macro   0x00019a50      0x2d0 ./Core/Src/BoardManager.o
 .debug_macro   0x00019d20      0x4a2 ./Core/Src/BoardManager.o
 .debug_macro   0x0001a1c2      0x18b ./Core/Src/BoardManager.o
 .debug_macro   0x0001a34d       0x43 ./Core/Src/BoardManager.o
 .debug_macro   0x0001a390      0x23d ./Core/Src/BoardManager.o
 .debug_macro   0x0001a5cd      0x211 ./Core/Src/BoardManager.o
 .debug_macro   0x0001a7de      0x416 ./Core/Src/BoardManager.o
 .debug_macro   0x0001abf4      0x10e ./Core/Src/BoardManager.o
 .debug_macro   0x0001ad02      0x122 ./Core/Src/BoardManager.o
 .debug_macro   0x0001ae24      0x3d1 ./Core/Src/BoardManager.o
 .debug_macro   0x0001b1f5      0x2fe ./Core/Src/BoardManager.o
 .debug_macro   0x0001b4f3      0x693 ./Core/Src/BoardManager.o
 .debug_macro   0x0001bb86       0xa6 ./Core/Src/BoardManager.o
 .debug_macro   0x0001bc2c      0x321 ./Core/Src/BoardManager.o
 .debug_macro   0x0001bf4d       0x2e ./Core/Src/BoardManager.o
 .debug_macro   0x0001bf7b      0x3b2 ./Core/Src/BoardManager.o
 .debug_macro   0x0001c32d      0x1f2 ./Core/Src/BoardManager.o
 .debug_macro   0x0001c51f       0x10 ./Core/Src/BoardManager.o
 .debug_macro   0x0001c52f      0x409 ./Core/Src/BoardManager.o
 .debug_macro   0x0001c938       0x61 ./Core/Src/BoardManager.o
 .debug_macro   0x0001c999       0x2a ./Core/Src/BoardManager.o
 .debug_macro   0x0001c9c3       0x43 ./Core/Src/BoardManager.o
 .debug_macro   0x0001ca06       0x34 ./Core/Src/BoardManager.o
 .debug_macro   0x0001ca3a       0x16 ./Core/Src/BoardManager.o
 .debug_macro   0x0001ca50       0x3c ./Core/Src/BoardManager.o
 .debug_macro   0x0001ca8c      0x38c ./Core/Src/BoardManager.o
 .debug_macro   0x0001ce18       0x10 ./Core/Src/BoardManager.o
 .debug_macro   0x0001ce28       0x16 ./Core/Src/BoardManager.o
 .debug_macro   0x0001ce3e       0x4a ./Core/Src/BoardManager.o
 .debug_macro   0x0001ce88       0x34 ./Core/Src/BoardManager.o
 .debug_macro   0x0001cebc       0x10 ./Core/Src/BoardManager.o
 .debug_macro   0x0001cecc       0x58 ./Core/Src/BoardManager.o
 .debug_macro   0x0001cf24       0x8e ./Core/Src/BoardManager.o
 .debug_macro   0x0001cfb2       0x16 ./Core/Src/BoardManager.o
 .debug_macro   0x0001cfc8      0x185 ./Core/Src/BoardManager.o
 .debug_macro   0x0001d14d       0x16 ./Core/Src/BoardManager.o
 .debug_macro   0x0001d163       0x16 ./Core/Src/BoardManager.o
 .debug_macro   0x0001d179      0x138 ./Core/Src/BoardManager.o
 .debug_macro   0x0001d2b1      0x11d ./Core/Src/BoardManager.o
 .debug_macro   0x0001d3ce      0x1f7 ./Core/Src/IOPin.o
 .debug_macro   0x0001d5c5      0x215 ./Core/Src/SPIDevice.o
 .debug_macro   0x0001d7da      0x1f7 ./Core/Src/SPIDriver.o
 .debug_macro   0x0001d9d1      0x23a ./Core/Src/Wrapper.o
 .debug_macro   0x0001dc0b      0x1e8 ./Core/Src/gpio.o
 .debug_macro   0x0001ddf3      0xad8 ./Core/Src/gpio.o
 .debug_macro   0x0001e8cb     0x1011 ./Core/Src/gpio.o
 .debug_macro   0x0001f8dc      0x190 ./Core/Src/gpio.o
 .debug_macro   0x0001fa6c      0x20a ./Core/Src/main.o
 .debug_macro   0x0001fc76      0x1e8 ./Core/Src/spi.o
 .debug_macro   0x0001fe5e      0x1de ./Core/Src/stm32g4xx_hal_msp.o
 .debug_macro   0x0002003c      0x1e8 ./Core/Src/stm32g4xx_it.o
 .debug_macro   0x00020224      0x35b ./Core/Src/sx1276.o
 .debug_macro   0x0002057f       0x16 ./Core/Src/sx1276.o
 .debug_macro   0x00020595       0x20 ./Core/Src/sx1276.o
 .debug_macro   0x000205b5       0x8e ./Core/Src/sx1276.o
 .debug_macro   0x00020643      0x3f4 ./Core/Src/syscalls.o
 .debug_macro   0x00020a37       0x5b ./Core/Src/syscalls.o
 .debug_macro   0x00020a92       0x94 ./Core/Src/syscalls.o
 .debug_macro   0x00020b26       0x34 ./Core/Src/syscalls.o
 .debug_macro   0x00020b5a       0x57 ./Core/Src/syscalls.o
 .debug_macro   0x00020bb1      0x370 ./Core/Src/syscalls.o
 .debug_macro   0x00020f21       0x4a ./Core/Src/syscalls.o
 .debug_macro   0x00020f6b       0x1c ./Core/Src/syscalls.o
 .debug_macro   0x00020f87       0x10 ./Core/Src/syscalls.o
 .debug_macro   0x00020f97       0x3c ./Core/Src/syscalls.o
 .debug_macro   0x00020fd3       0x10 ./Core/Src/syscalls.o
 .debug_macro   0x00020fe3       0x10 ./Core/Src/syscalls.o
 .debug_macro   0x00020ff3       0x10 ./Core/Src/syscalls.o
 .debug_macro   0x00021003       0x1c ./Core/Src/syscalls.o
 .debug_macro   0x0002101f       0x52 ./Core/Src/syscalls.o
 .debug_macro   0x00021071       0x22 ./Core/Src/syscalls.o
 .debug_macro   0x00021093       0x10 ./Core/Src/syscalls.o
 .debug_macro   0x000210a3       0x52 ./Core/Src/syscalls.o
 .debug_macro   0x000210f5       0xcf ./Core/Src/syscalls.o
 .debug_macro   0x000211c4       0x1c ./Core/Src/syscalls.o
 .debug_macro   0x000211e0       0x3d ./Core/Src/syscalls.o
 .debug_macro   0x0002121d       0x35 ./Core/Src/syscalls.o
 .debug_macro   0x00021252      0x12c ./Core/Src/syscalls.o
 .debug_macro   0x0002137e       0x16 ./Core/Src/syscalls.o
 .debug_macro   0x00021394       0x16 ./Core/Src/syscalls.o
 .debug_macro   0x000213aa       0x29 ./Core/Src/syscalls.o
 .debug_macro   0x000213d3       0x10 ./Core/Src/syscalls.o
 .debug_macro   0x000213e3      0x242 ./Core/Src/syscalls.o
 .debug_macro   0x00021625       0x1c ./Core/Src/syscalls.o
 .debug_macro   0x00021641       0x10 ./Core/Src/syscalls.o
 .debug_macro   0x00021651      0x146 ./Core/Src/syscalls.o
 .debug_macro   0x00021797      0x18a ./Core/Src/syscalls.o
 .debug_macro   0x00021921       0x16 ./Core/Src/syscalls.o
 .debug_macro   0x00021937       0xce ./Core/Src/syscalls.o
 .debug_macro   0x00021a05       0x56 ./Core/Src/syscalls.o
 .debug_macro   0x00021a5b      0x112 ./Core/Src/sysmem.o
 .debug_macro   0x00021b6d      0x23c ./Core/Src/sysmem.o
 .debug_macro   0x00021da9      0x1cf ./Core/Src/system_stm32g4xx.o
 .debug_macro   0x00021f78      0x1e8 ./Core/Src/usart.o
 .debug_macro   0x00022160      0x21d ./Drivers/STM32G4xx_HAL_Driver/Src/stm32g4xx_hal.o
 .debug_macro   0x0002237d      0x1cf ./Drivers/STM32G4xx_HAL_Driver/Src/stm32g4xx_hal_cortex.o
 .debug_macro   0x0002254c      0x1d6 ./Drivers/STM32G4xx_HAL_Driver/Src/stm32g4xx_hal_gpio.o
 .debug_macro   0x00022722      0x1f9 ./Drivers/STM32G4xx_HAL_Driver/Src/stm32g4xx_hal_pwr_ex.o
 .debug_macro   0x0002291b      0x211 ./Drivers/STM32G4xx_HAL_Driver/Src/stm32g4xx_hal_rcc.o
 .debug_macro   0x00022b2c      0x1f9 ./Drivers/STM32G4xx_HAL_Driver/Src/stm32g4xx_hal_rcc_ex.o
 .debug_macro   0x00022d25      0x1d7 ./Drivers/STM32G4xx_HAL_Driver/Src/stm32g4xx_hal_spi.o
 .debug_macro   0x00022efc      0x1fa ./Drivers/STM32G4xx_HAL_Driver/Src/stm32g4xx_hal_uart.o
 .debug_macro   0x000230f6      0x1db ./Drivers/STM32G4xx_HAL_Driver/Src/stm32g4xx_hal_uart_ex.o

.debug_line     0x00000000    0x1381b
 .debug_line    0x00000000      0xb67 ./Core/Src/BoardManager.o
 .debug_line    0x00000b67      0x7c8 ./Core/Src/IOPin.o
 .debug_line    0x0000132f      0x81b ./Core/Src/SPIDevice.o
 .debug_line    0x00001b4a      0x822 ./Core/Src/SPIDriver.o
 .debug_line    0x0000236c      0x80c ./Core/Src/Wrapper.o
 .debug_line    0x00002b78      0x77c ./Core/Src/gpio.o
 .debug_line    0x000032f4      0x814 ./Core/Src/main.o
 .debug_line    0x00003b08      0x7de ./Core/Src/spi.o
 .debug_line    0x000042e6      0x762 ./Core/Src/stm32g4xx_hal_msp.o
 .debug_line    0x00004a48      0x828 ./Core/Src/stm32g4xx_it.o
 .debug_line    0x00005270      0xd4f ./Core/Src/sx1276.o
 .debug_line    0x00005fbf      0xbdb ./Core/Src/syscalls.o
 .debug_line    0x00006b9a      0x588 ./Core/Src/sysmem.o
 .debug_line    0x00007122      0x7ce ./Core/Src/system_stm32g4xx.o
 .debug_line    0x000078f0      0x814 ./Core/Src/usart.o
 .debug_line    0x00008104       0x7b ./Core/Startup/startup_stm32g491retx.o
 .debug_line    0x0000817f      0xb9a ./Drivers/STM32G4xx_HAL_Driver/Src/stm32g4xx_hal.o
 .debug_line    0x00008d19      0xcff ./Drivers/STM32G4xx_HAL_Driver/Src/stm32g4xx_hal_cortex.o
 .debug_line    0x00009a18      0xb86 ./Drivers/STM32G4xx_HAL_Driver/Src/stm32g4xx_hal_gpio.o
 .debug_line    0x0000a59e      0xcf9 ./Drivers/STM32G4xx_HAL_Driver/Src/stm32g4xx_hal_pwr_ex.o
 .debug_line    0x0000b297     0x101d ./Drivers/STM32G4xx_HAL_Driver/Src/stm32g4xx_hal_rcc.o
 .debug_line    0x0000c2b4     0x1254 ./Drivers/STM32G4xx_HAL_Driver/Src/stm32g4xx_hal_rcc_ex.o
 .debug_line    0x0000d508     0x2048 ./Drivers/STM32G4xx_HAL_Driver/Src/stm32g4xx_hal_spi.o
 .debug_line    0x0000f550     0x35fc ./Drivers/STM32G4xx_HAL_Driver/Src/stm32g4xx_hal_uart.o
 .debug_line    0x00012b4c      0xccf ./Drivers/STM32G4xx_HAL_Driver/Src/stm32g4xx_hal_uart_ex.o

.debug_str      0x00000000    0xc4df1
 .debug_str     0x00000000    0xc4df1 ./Core/Src/BoardManager.o
                              0xbf16d (size before relaxing)
 .debug_str     0x000c4df1    0xb8452 ./Core/Src/IOPin.o
 .debug_str     0x000c4df1    0xb8c68 ./Core/Src/SPIDevice.o
 .debug_str     0x000c4df1    0xb8b15 ./Core/Src/SPIDriver.o
 .debug_str     0x000c4df1    0xb9b04 ./Core/Src/Wrapper.o
 .debug_str     0x000c4df1    0xb8590 ./Core/Src/gpio.o
 .debug_str     0x000c4df1    0xb806e ./Core/Src/main.o
 .debug_str     0x000c4df1    0xb8572 ./Core/Src/spi.o
 .debug_str     0x000c4df1    0xb7f93 ./Core/Src/stm32g4xx_hal_msp.o
 .debug_str     0x000c4df1    0xb7ee4 ./Core/Src/stm32g4xx_it.o
 .debug_str     0x000c4df1    0xbf2a9 ./Core/Src/sx1276.o
 .debug_str     0x000c4df1    0xbdc84 ./Core/Src/syscalls.o
 .debug_str     0x000c4df1     0x7788 ./Core/Src/sysmem.o
 .debug_str     0x000c4df1    0xb7f86 ./Core/Src/system_stm32g4xx.o
 .debug_str     0x000c4df1    0xb8819 ./Core/Src/usart.o
 .debug_str     0x000c4df1       0x8a ./Core/Startup/startup_stm32g491retx.o
 .debug_str     0x000c4df1    0xb8b91 ./Drivers/STM32G4xx_HAL_Driver/Src/stm32g4xx_hal.o
 .debug_str     0x000c4df1    0xb884d ./Drivers/STM32G4xx_HAL_Driver/Src/stm32g4xx_hal_cortex.o
 .debug_str     0x000c4df1    0xb8111 ./Drivers/STM32G4xx_HAL_Driver/Src/stm32g4xx_hal_gpio.o
 .debug_str     0x000c4df1    0xb8474 ./Drivers/STM32G4xx_HAL_Driver/Src/stm32g4xx_hal_pwr_ex.o
 .debug_str     0x000c4df1    0xb867f ./Drivers/STM32G4xx_HAL_Driver/Src/stm32g4xx_hal_rcc.o
 .debug_str     0x000c4df1    0xb86bc ./Drivers/STM32G4xx_HAL_Driver/Src/stm32g4xx_hal_rcc_ex.o
 .debug_str     0x000c4df1    0xb88b8 ./Drivers/STM32G4xx_HAL_Driver/Src/stm32g4xx_hal_spi.o
 .debug_str     0x000c4df1    0xb8f41 ./Drivers/STM32G4xx_HAL_Driver/Src/stm32g4xx_hal_uart.o
 .debug_str     0x000c4df1    0xb873f ./Drivers/STM32G4xx_HAL_Driver/Src/stm32g4xx_hal_uart_ex.o

.comment        0x00000000       0x43
 .comment       0x00000000       0x43 ./Core/Src/BoardManager.o
                                 0x44 (size before relaxing)
 .comment       0x00000043       0x44 ./Core/Src/IOPin.o
 .comment       0x00000043       0x44 ./Core/Src/SPIDevice.o
 .comment       0x00000043       0x44 ./Core/Src/SPIDriver.o
 .comment       0x00000043       0x44 ./Core/Src/Wrapper.o